[
    MarketNews {
        category: "merger",
        datetime: 1618000272,
        headline: "Watford Holdings buys European insurance company",
        id: 6343269,
        image: "https://res.cloudinary.com/whirlpooldata/image/upload/v1567050932/sa_jgen9y.png",
        related: "",
        source: "SeekingAlpha",
        summary: "",
        url: "https://seekingalpha.com/news/3680810-watford-holdings-buys-european-insurance-company?utm_source=feed_news_m_a&utm_medium=referral",
    },
    MarketNews {
        category: "merger",
        datetime: 1617999300,
        headline: "Arcosa, Inc. Announces Completion of StonePoint Materials Acquisition and Issuance of $400 Million of Senior Notes",
        id: 6343272,
        image: "https://res.cloudinary.com/whirlpooldata/image/upload/v1567047386/bw_flnhy4.jpg",
        related: "",
        source: "BusinessWire",
        summary: "DALLAS--(BUSINESS WIRE)--Arcosa, Inc. (NYSE: ACA) (“Arcosa” or the “Company”), a provider of infrastructure-related products and solutions, today announced that it has completed the previously announced acquisition of StonePoint Ultimate Holding, LLC and affiliated entities (“StonePoint”) from an affiliate of Sun Capital Partners for $375 million. StonePoint is one of the 25 largest aggregates companies in the United States, with approximately 9 million tons of annual production across 20 locat",
        url: "http://www.businesswire.com/news/home/20210409005367/en/Arcosa-Inc.-Announces-Completion-of-StonePoint-Materials-Acquisition-and-Issuance-of-400-Million-of-Senior-Notes/?feedref=JjAwJuNHiystnCoBq_hl-Rc4vIAVcHHkbDcwJimU8QtrtlakeQ9hNboBqTAWIjTge3KWq9s9jif-UkBjBsFRyYAbRTSLTc1mgvhPlnaBA55M-oupQnbXnhKsYk8RmHF_kAy2gZikaX3QWV6xOvgFlA==",
    },
    MarketNews {
        category: "merger",
        datetime: 1617999013,
        headline: "McGrath RentCorp acquires modular kitchen rental company",
        id: 6343270,
        image: "https://res.cloudinary.com/whirlpooldata/image/upload/v1567050932/sa_jgen9y.png",
        related: "",
        source: "SeekingAlpha",
        summary: "",
        url: "https://seekingalpha.com/news/3680794-mcgrath-rentcorp-acquires-modular-kitchen-rental-company?utm_source=feed_news_m_a&utm_medium=referral",
    },
    MarketNews {
        category: "merger",
        datetime: 1617997607,
        headline: "Deep-dish pizza chain Lou Malnati\'s is said to explore a sale",
        id: 6343062,
        image: "https://res.cloudinary.com/whirlpooldata/image/upload/v1567050932/sa_jgen9y.png",
        related: "",
        source: "SeekingAlpha",
        summary: "",
        url: "https://seekingalpha.com/news/3680781-deep-dish-pizza-chain-lou-malnatis-is-said-to-explore-a-sale?utm_source=feed_news_m_a&utm_medium=referral",
    },
    MarketNews {
        category: "merger",
        datetime: 1617991957,
        headline: "Sanofi targets mRNA based medicine with acquisition of Tidal Therapeutics",
        id: 6342851,
        image: "https://res.cloudinary.com/whirlpooldata/image/upload/v1567050932/sa_jgen9y.png",
        related: "",
        source: "SeekingAlpha",
        summary: "",
        url: "https://seekingalpha.com/news/3680768-sanofi-acquires-tidal-therapeutics-for-470-million?utm_source=feed_news_m_a&utm_medium=referral",
    },
    MarketNews {
        category: "merger",
        datetime: 1617990720,
        headline: "Healixa Inc. Provides Pharmacy Business Progress Updates",
        id: 6342640,
        image: "https://res.cloudinary.com/whirlpooldata/image/upload/v1567047094/gnw_ngwqnq.png",
        related: "",
        source: "GlobalNewswire",
        summary: "Emerald Organic Products Inc. (d/b/a Healixa Inc.) in Final Stages of Testing for its Proprietary Prescription Delivery Technology Emerald Organic Products Inc. (d/b/a Healixa Inc.) in Final Stages of Testing for its Proprietary Prescription Delivery Technology",
        url: "http://www.globenewswire.com/news-release/2021/04/09/2207667/0/en/Healixa-Inc-Provides-Pharmacy-Business-Progress-Updates.html",
    },
    MarketNews {
        category: "merger",
        datetime: 1617989880,
        headline: "Proactive news headlines including Alternus Energy, KWESST Micro Systems, Phyto Extractions and CytoDyn",
        id: 6342638,
        image: "https://res.cloudinary.com/whirlpooldata/image/upload/v1567047094/gnw_ngwqnq.png",
        related: "",
        source: "GlobalNewswire",
        summary: "Proactive, provider of real-time news and video interviews on growth companies listed in the US and Canada, has covered the following companies: Proactive, provider of real-time news and video interviews on growth companies listed in the US and Canada, has covered the following companies:",
        url: "http://www.globenewswire.com/news-release/2021/04/09/2207663/0/en/Proactive-news-headlines-including-Alternus-Energy-KWESST-Micro-Systems-Phyto-Extractions-and-CytoDyn.html",
    },
    MarketNews {
        category: "merger",
        datetime: 1617989354,
        headline: "BlackRock, State Street, others are said to show interest in Credit Suisse asset management unit",
        id: 6342637,
        image: "https://res.cloudinary.com/whirlpooldata/image/upload/v1567050932/sa_jgen9y.png",
        related: "",
        source: "SeekingAlpha",
        summary: "",
        url: "https://seekingalpha.com/news/3680757-blackrock-state-street-others-are-said-to-show-interest-in-credit-suisse-asset-management-unit?utm_source=feed_news_m_a&utm_medium=referral",
    },
    MarketNews {
        category: "merger",
        datetime: 1617982712,
        headline: "DouYu falls on report that little progress being made with China antitrust authorities on Huya deal",
        id: 6342195,
        image: "https://res.cloudinary.com/whirlpooldata/image/upload/v1567050932/sa_jgen9y.png",
        related: "",
        source: "SeekingAlpha",
        summary: "",
        url: "https://seekingalpha.com/news/3680729-douyu-falls-on-report-that-little-progress-being-made-with-china-antitrust-authorities-on-huya-deal?utm_source=feed_news_m_a&utm_medium=referral",
    },
    MarketNews {
        category: "merger",
        datetime: 1617980640,
        headline: "Form 8.3 - [Arrow Global Plc]",
        id: 6342196,
        image: "https://res.cloudinary.com/whirlpooldata/image/upload/v1567047094/gnw_ngwqnq.png",
        related: "",
        source: "GlobalNewswire",
        summary: "FORM 8.3",
        url: "http://www.globenewswire.com/news-release/2021/04/09/2207585/0/en/Form-8-3-Arrow-Global-Plc.html",
    },
    MarketNews {
        category: "merger",
        datetime: 1617979500,
        headline: "BrandSafway acquires JA Electronics Manufacturing Company",
        id: 6341979,
        image: "https://res.cloudinary.com/whirlpooldata/image/upload/v1567047094/gnw_ngwqnq.png",
        related: "",
        source: "GlobalNewswire",
        summary: "Together MATCOR® by BrandSafway and JA Electronics will provide full range of cathodic protection and corrosion control solutions Together MATCOR® by BrandSafway and JA Electronics will provide full range of cathodic protection and corrosion control solutions",
        url: "http://www.globenewswire.com/news-release/2021/04/09/2207584/0/en/BrandSafway-acquires-JA-Electronics-Manufacturing-Company.html",
    },
    MarketNews {
        category: "merger",
        datetime: 1617978000,
        headline: "Davidson Kempner Capital Management LP : Form 8.3 - Willis Towers Watson PLC",
        id: 6341980,
        image: "https://res.cloudinary.com/whirlpooldata/image/upload/v1567047094/gnw_ngwqnq.png",
        related: "",
        source: "GlobalNewswire",
        summary: "Ap19",
        url: "http://www.globenewswire.com/news-release/2021/04/09/2207576/0/en/Davidson-Kempner-Capital-Management-LP-Form-8-3-Willis-Towers-Watson-PLC.html",
    },
    MarketNews {
        category: "merger",
        datetime: 1617977308,
        headline: "Bilibili slips 3.7% as Youzu denies stake purchase reports",
        id: 6341978,
        image: "https://res.cloudinary.com/whirlpooldata/image/upload/v1567050932/sa_jgen9y.png",
        related: "",
        source: "SeekingAlpha",
        summary: "",
        url: "https://seekingalpha.com/news/3680704-bilibili-stock-slips-37-as-youzu-denies-stake-purchase-reports?utm_source=feed_news_m_a&utm_medium=referral",
    },
    MarketNews {
        category: "merger",
        datetime: 1617975300,
        headline: "Form 8.3 - Willis Towers Watson plc",
        id: 6341754,
        image: "https://res.cloudinary.com/whirlpooldata/image/upload/v1567047094/gnw_ngwqnq.png",
        related: "",
        source: "GlobalNewswire",
        summary: "FORM 8.3",
        url: "http://www.globenewswire.com/news-release/2021/04/09/2207544/0/en/Form-8-3-Willis-Towers-Watson-plc.html",
    },
    MarketNews {
        category: "merger",
        datetime: 1617975060,
        headline: "Form 8.3 - Aon plc",
        id: 6341755,
        image: "https://res.cloudinary.com/whirlpooldata/image/upload/v1567047094/gnw_ngwqnq.png",
        related: "",
        source: "GlobalNewswire",
        summary: "FORM 8.3",
        url: "http://www.globenewswire.com/news-release/2021/04/09/2207540/0/en/Form-8-3-Aon-plc.html",
    },
    MarketNews {
        category: "merger",
        datetime: 1617974706,
        headline: "Chinese antitrust approval of Marvell\'s purchase of Inphi had issues, report says",
        id: 6341753,
        image: "https://res.cloudinary.com/whirlpooldata/image/upload/v1567050932/sa_jgen9y.png",
        related: "",
        source: "SeekingAlpha",
        summary: "",
        url: "https://seekingalpha.com/news/3680686-chinese-antitrust-approval-of-marvells-purchase-of-inphi-had-issues-report-says?utm_source=feed_news_m_a&utm_medium=referral",
    },
    MarketNews {
        category: "merger",
        datetime: 1617972600,
        headline: "Toshiba board strikes pessimistic tone on CVC\'s $21B take private offer",
        id: 6341525,
        image: "https://res.cloudinary.com/whirlpooldata/image/upload/v1567050932/sa_jgen9y.png",
        related: "",
        source: "SeekingAlpha",
        summary: "",
        url: "https://seekingalpha.com/news/3680667-toshiba-board-strikes-pessimistic-tone-on-cvcs-21b-take-private-offer?utm_source=feed_news_m_a&utm_medium=referral",
    },
    MarketNews {
        category: "merger",
        datetime: 1617971780,
        headline: "Chicken Soup for the Soul Entertainment to acquire Sonar Entertainment assets",
        id: 6341515,
        image: "https://res.cloudinary.com/whirlpooldata/image/upload/v1567050932/sa_jgen9y.png",
        related: "",
        source: "SeekingAlpha",
        summary: "",
        url: "https://seekingalpha.com/news/3680659-chicken-soup-for-the-soul-entertainment-to-acquire-sonar-entertainment-assets?utm_source=feed_news_m_a&utm_medium=referral",
    },
    MarketNews {
        category: "merger",
        datetime: 1617971520,
        headline: "Invesco Ltd.: Form 8.3 - Arrow Global Group PLC",
        id: 6341517,
        image: "https://res.cloudinary.com/whirlpooldata/image/upload/v1567047094/gnw_ngwqnq.png",
        related: "",
        source: "GlobalNewswire",
        summary: "FORM 8.3",
        url: "http://www.globenewswire.com/news-release/2021/04/09/2207476/0/en/Invesco-Ltd-Form-8-3-Arrow-Global-Group-PLC.html",
    },
    MarketNews {
        category: "merger",
        datetime: 1617971340,
        headline: "Invesco Ltd.: Form 8.3 - Bally\'s Corporation",
        id: 6341518,
        image: "https://res.cloudinary.com/whirlpooldata/image/upload/v1567047094/gnw_ngwqnq.png",
        related: "",
        source: "GlobalNewswire",
        summary: "FORM 8.3",
        url: "http://www.globenewswire.com/news-release/2021/04/09/2207462/0/en/Invesco-Ltd-Form-8-3-Bally-s-Corporation.html",
    },
    MarketNews {
        category: "merger",
        datetime: 1617971220,
        headline: "Invesco Ltd.: Form 8.3 - Scapa Group PLC",
        id: 6341519,
        image: "https://res.cloudinary.com/whirlpooldata/image/upload/v1567047094/gnw_ngwqnq.png",
        related: "",
        source: "GlobalNewswire",
        summary: "FORM 8.3",
        url: "http://www.globenewswire.com/news-release/2021/04/09/2207460/0/en/Invesco-Ltd-Form-8-3-Scapa-Group-PLC.html",
    },
    MarketNews {
        category: "merger",
        datetime: 1617970800,
        headline: "Invesco ltd: Form 8.3 - Willis Tower Watson Plc",
        id: 6341520,
        image: "https://res.cloudinary.com/whirlpooldata/image/upload/v1567047094/gnw_ngwqnq.png",
        related: "",
        source: "GlobalNewswire",
        summary: "",
        url: "http://www.globenewswire.com/news-release/2021/04/09/2207456/0/en/Invesco-ltd-Form-8-3-Willis-Tower-Watson-Plc.html",
    },
    MarketNews {
        category: "merger",
        datetime: 1617970320,
        headline: "Ready-Mix Concrete Market Size to Worth USD 1,227.2 Billion Forecast [2020-2027]; Rapid Urbanization Worldwide to Bolster Growth, Says Fortune Business Insights™",
        id: 6341521,
        image: "https://res.cloudinary.com/whirlpooldata/image/upload/v1567047094/gnw_ngwqnq.png",
        related: "",
        source: "GlobalNewswire",
        summary: "Key companies covered are Hanson Cement Ltd, U.S. Concrete, CEMEX S.A.B. de C.V., M. I. Cement Factory Limited, ACC Ltd, UltraTech Cement Ltd, LafargeHolcim, Buzzi Unicem SpA, R. W. Sidley, Inc., HEIDELBERGCEMENT AG, Italcementi Group, and other players profiled in ready-mix concrete market research report Key companies covered are Hanson Cement Ltd, U.S. Concrete, CEMEX S.A.B. de C.V., M. I. Cement Factory Limited, ACC Ltd, UltraTech Cement Ltd, LafargeHolcim, Buzzi Unicem SpA, R. W. Sidley, Inc., HEIDELBERGCEMENT AG, Italcementi Group, and other players profiled in ready-mix concrete market research report",
        url: "http://www.globenewswire.com/news-release/2021/04/09/2207448/0/en/Ready-Mix-Concrete-Market-Size-to-Worth-USD-1-227-2-Billion-Forecast-2020-2027-Rapid-Urbanization-Worldwide-to-Bolster-Growth-Says-Fortune-Business-Insights.html",
    },
    MarketNews {
        category: "merger",
        datetime: 1617969854,
        headline: "Kraken Robotics inks LOI to acquire Subsea services",
        id: 6341516,
        image: "https://res.cloudinary.com/whirlpooldata/image/upload/v1567050932/sa_jgen9y.png",
        related: "",
        source: "SeekingAlpha",
        summary: "",
        url: "https://seekingalpha.com/news/3680644-kraken-robotics-inks-loi-to-acquire-subsea-services?utm_source=feed_news_m_a&utm_medium=referral",
    },
    MarketNews {
        category: "merger",
        datetime: 1617969600,
        headline: "Chicken Soup for the Soul Entertainment Signs Definitive Agreement to Acquire Sonar Entertainment Assets",
        id: 6341522,
        image: "https://res.cloudinary.com/whirlpooldata/image/upload/v1567047094/gnw_ngwqnq.png",
        related: "",
        source: "GlobalNewswire",
        summary: "Will Add IP Rights to 372 Television Series with 1,825 Episodes and Over 700 Films",
        url: "http://www.globenewswire.com/news-release/2021/04/09/2207434/0/en/Chicken-Soup-for-the-Soul-Entertainment-Signs-Definitive-Agreement-to-Acquire-Sonar-Entertainment-Assets.html",
    },
    MarketNews {
        category: "merger",
        datetime: 1617968640,
        headline: "Pest Control Market Size to Reach USD 31.94 Billion by 2027 | Fortune Business Insights™",
        id: 6341289,
        image: "https://res.cloudinary.com/whirlpooldata/image/upload/v1567047094/gnw_ngwqnq.png",
        related: "",
        source: "GlobalNewswire",
        summary: "Key Player Covered in Pest Control Market are ServiceMaster Global Holdings Inc. – United States, Bayer AG – Germany, Terminix International Company L.P – United States, Anticimex – Sweden, Rentokil Initial Plc. - United Kingdom, Ecolab Inc. – United States, Truly Nolen – United States, Rollins Inc. – United States, Massey Services Inc. – United States, Bell Laboratories – United States and Other vendors Key Player Covered in Pest Control Market are ServiceMaster Global Holdings Inc. – United States, Bayer AG – Germany, Terminix International Company L.P – United States, Anticimex – Sweden, Rentokil Initial Plc. - United Kingdom, Ecolab Inc. – United States, Truly Nolen – United States, Rollins Inc. – United States, Massey Services Inc. – United States, Bell Laboratories – United States and Other vendors",
        url: "http://www.globenewswire.com/news-release/2021/04/09/2207417/0/en/Pest-Control-Market-Size-to-Reach-USD-31-94-Billion-by-2027-Fortune-Business-Insights.html",
    },
    MarketNews {
        category: "merger",
        datetime: 1617966414,
        headline: "Johnson Controls to acquire Silent-Aire for growth in hyperscale data center vertical",
        id: 6341288,
        image: "https://res.cloudinary.com/whirlpooldata/image/upload/v1567050932/sa_jgen9y.png",
        related: "",
        source: "SeekingAlpha",
        summary: "",
        url: "https://seekingalpha.com/news/3680623-johnson-controls-to-acquire-silent-aire-for-growth-in-hyperscale-data-center-vertical?utm_source=feed_news_m_a&utm_medium=referral",
    },
    MarketNews {
        category: "merger",
        datetime: 1617966000,
        headline: "Kraken Enters into Letter of Intent to Acquire Subsea Services Company",
        id: 6341290,
        image: "https://res.cloudinary.com/whirlpooldata/image/upload/v1567047094/gnw_ngwqnq.png",
        related: "",
        source: "GlobalNewswire",
        summary: "ST. JOHN’S, Newfoundland, April  09, 2021  (GLOBE NEWSWIRE) -- Kraken Robotics Inc. (TSX-V: PNG, OTCQB: KRKNF), Canada’s Ocean Company, is pleased to announce that it has entered into a non-binding letter of intent (the “LOI”) dated April 8, 2021 in connection with the proposed acquisition of PanGeo Subsea Inc. (“PanGeo”) from Cahill Innovation Inc, a member of the Cahill Group of Companies, and Argentum Asset Management AS. Moya Cahill, a director of Kraken, is a shareholder of Cahill Innovation Inc, and she resigned as a director of Kraken prior to the approval and execution of the LOI in order to ensure proper governance and review of the transaction by a fully arm’s length board.",
        url: "http://www.globenewswire.com/news-release/2021/04/09/2207363/0/en/Kraken-Enters-into-Letter-of-Intent-to-Acquire-Subsea-Services-Company.html",
    },
    MarketNews {
        category: "merger",
        datetime: 1617965940,
        headline: "Form 8.3 - [Scapa Group plc 08-04-2021] - (CGWL)",
        id: 6341291,
        image: "https://res.cloudinary.com/whirlpooldata/image/upload/v1567047094/gnw_ngwqnq.png",
        related: "",
        source: "GlobalNewswire",
        summary: "FORM 8.3",
        url: "http://www.globenewswire.com/news-release/2021/04/09/2207365/0/en/Form-8-3-Scapa-Group-plc-08-04-2021-CGWL.html",
    },
    MarketNews {
        category: "merger",
        datetime: 1617965460,
        headline: "Tobacco Packaging Market Size USD 20.45 Billion by 2027 | Fortune Business Insights™",
        id: 6341072,
        image: "https://res.cloudinary.com/whirlpooldata/image/upload/v1567047094/gnw_ngwqnq.png",
        related: "",
        source: "GlobalNewswire",
        summary: "Key player covered in tobacco packaging market are Innovia Films (UK), Schweitzer-Mauduit International, Inc. (US), ITC Limited (Kolkata), Siegwerk Druckfarben AG & Co. KGaA (Germany), Mondi Group (Austria), International Paper (US), Sonoco (US), Smurfit Kappa (Ireland), WestRock (US), Amcor Limited (Australia), Other players Key player covered in tobacco packaging market are Innovia Films (UK), Schweitzer-Mauduit International, Inc. (US), ITC Limited (Kolkata), Siegwerk Druckfarben AG & Co. KGaA (Germany), Mondi Group (Austria), International Paper (US), Sonoco (US), Smurfit Kappa (Ireland), WestRock (US), Amcor Limited (Australia), Other players",
        url: "http://www.globenewswire.com/news-release/2021/04/09/2207353/0/en/Tobacco-Packaging-Market-Size-USD-20-45-Billion-by-2027-Fortune-Business-Insights.html",
    },
    MarketNews {
        category: "merger",
        datetime: 1617965455,
        headline: "Sogou gains on report China is set to clear Tencent $3.5B acquisition",
        id: 6341071,
        image: "https://res.cloudinary.com/whirlpooldata/image/upload/v1567050932/sa_jgen9y.png",
        related: "",
        source: "SeekingAlpha",
        summary: "",
        url: "https://seekingalpha.com/news/3680618-sogou-gains-on-report-china-is-set-to-clear-tencent-35b-acquisition?utm_source=feed_news_m_a&utm_medium=referral",
    },
    MarketNews {
        category: "merger",
        datetime: 1617964680,
        headline: "Dimensional Fund Advisors Ltd. : Form 8.3 - WILLIAM HILL PLC - Ordinary Shares",
        id: 6341064,
        image: "https://res.cloudinary.com/whirlpooldata/image/upload/v1567047094/gnw_ngwqnq.png",
        related: "",
        source: "GlobalNewswire",
        summary: "FORM 8.3",
        url: "http://www.globenewswire.com/news-release/2021/04/09/2207345/0/en/Dimensional-Fund-Advisors-Ltd-Form-8-3-WILLIAM-HILL-PLC-Ordinary-Shares.html",
    },
    MarketNews {
        category: "merger",
        datetime: 1617964620,
        headline: "Dimensional Fund Advisors Ltd. : Form 8.3 - Signature Aviation - Ordinary Shares",
        id: 6341065,
        image: "https://res.cloudinary.com/whirlpooldata/image/upload/v1567047094/gnw_ngwqnq.png",
        related: "",
        source: "GlobalNewswire",
        summary: "FORM 8.3",
        url: "http://www.globenewswire.com/news-release/2021/04/09/2207343/0/en/Dimensional-Fund-Advisors-Ltd-Form-8-3-Signature-Aviation-Ordinary-Shares.html",
    },
    MarketNews {
        category: "merger",
        datetime: 1617964500,
        headline: "Dimensional Fund Advisors Ltd. : Form 8.3 - AGGREKO PLC - Ordinary Shares",
        id: 6341066,
        image: "https://res.cloudinary.com/whirlpooldata/image/upload/v1567047094/gnw_ngwqnq.png",
        related: "",
        source: "GlobalNewswire",
        summary: "FORM 8.3",
        url: "http://www.globenewswire.com/news-release/2021/04/09/2207341/0/en/Dimensional-Fund-Advisors-Ltd-Form-8-3-AGGREKO-PLC-Ordinary-Shares.html",
    },
    MarketNews {
        category: "merger",
        datetime: 1617963360,
        headline: "Form 8.3 - Walls & Futures REIT Plc",
        id: 6341067,
        image: "https://res.cloudinary.com/whirlpooldata/image/upload/v1567047094/gnw_ngwqnq.png",
        related: "",
        source: "GlobalNewswire",
        summary: "FORM 8.3",
        url: "http://www.globenewswire.com/news-release/2021/04/09/2207327/0/en/Form-8-3-Walls-Futures-REIT-Plc.html",
    },
    MarketNews {
        category: "merger",
        datetime: 1617958320,
        headline: "Man Group PLC : Form 8.3 - Gamesys Group plc",
        id: 6340655,
        image: "https://res.cloudinary.com/whirlpooldata/image/upload/v1567047094/gnw_ngwqnq.png",
        related: "",
        source: "GlobalNewswire",
        summary: "FORM 8.3",
        url: "http://www.globenewswire.com/news-release/2021/04/09/2207268/0/en/Man-Group-PLC-Form-8-3-Gamesys-Group-plc.html",
    },
    MarketNews {
        category: "merger",
        datetime: 1617956220,
        headline: "Form 8.5 (EPT/RI) - Nucleus Financial Group Plc",
        id: 6340653,
        image: "https://res.cloudinary.com/whirlpooldata/image/upload/v1567047094/gnw_ngwqnq.png",
        related: "",
        source: "GlobalNewswire",
        summary: "FORM 8.5 (EPT/RI)",
        url: "http://www.globenewswire.com/news-release/2021/04/09/2207250/0/en/Form-8-5-EPT-RI-Nucleus-Financial-Group-Plc.html",
    },
    MarketNews {
        category: "merger",
        datetime: 1617955320,
        headline: "Boussard & Gavaudan Investment Management LLP: Form 8.3 - RSA Insurance Group Plc",
        id: 6340654,
        image: "https://res.cloudinary.com/whirlpooldata/image/upload/v1567047094/gnw_ngwqnq.png",
        related: "",
        source: "GlobalNewswire",
        summary: "FORM 8.3",
        url: "http://www.globenewswire.com/news-release/2021/04/09/2207239/0/en/Boussard-Gavaudan-Investment-Management-LLP-Form-8-3-RSA-Insurance-Group-Plc.html",
    },
    MarketNews {
        category: "merger",
        datetime: 1617949140,
        headline: "Proactive news headlines including Australian Potash, Jindalee Resources, Kazia Therapeutics and Latin Resources",
        id: 6340231,
        image: "https://res.cloudinary.com/whirlpooldata/image/upload/v1567047094/gnw_ngwqnq.png",
        related: "",
        source: "GlobalNewswire",
        summary: "Sydney, April  09, 2021  (GLOBE NEWSWIRE) -- Proactive, provider of real-time news and video interviews on growth companies listed in Australia, has covered the following companies:",
        url: "http://www.globenewswire.com/news-release/2021/04/09/2207202/0/en/Proactive-news-headlines-including-Australian-Potash-Jindalee-Resources-Kazia-Therapeutics-and-Latin-Resources.html",
    },
    MarketNews {
        category: "merger",
        datetime: 1617948000,
        headline: "Plc Uutechnic Group Oyj:n vähemmistöosakkeiden lunastamista koskevaan välimiesmenettelyyn on määrätty välimiesoikeus",
        id: 6340233,
        image: "https://res.cloudinary.com/whirlpooldata/image/upload/v1567047094/gnw_ngwqnq.png",
        related: "",
        source: "GlobalNewswire",
        summary: "Plc Uutechnic Group Oyj\u{a0} Pörssitiedote\u{a0}\u{a0}\u{a0}\u{a0} 9.4.2021 klo 9:00 EET",
        url: "http://www.globenewswire.com/news-release/2021/04/09/2207198/0/fi/Plc-Uutechnic-Group-Oyj-n-v%C3%A4hemmist%C3%B6osakkeiden-lunastamista-koskevaan-v%C3%A4limiesmenettelyyn-on-m%C3%A4%C3%A4r%C3%A4tty-v%C3%A4limiesoikeus.html",
    },
    MarketNews {
        category: "merger",
        datetime: 1617948000,
        headline: "Plc Uutechnic Group Oyj: Arbrital tribunal appointed for the arbitration proceedings concerning the redemption of the minority shares in Plc Uutechnic Group Oyj",
        id: 6340232,
        image: "https://res.cloudinary.com/whirlpooldata/image/upload/v1567047094/gnw_ngwqnq.png",
        related: "",
        source: "GlobalNewswire",
        summary: "Plc Uutechnic Group Oyj\u{a0}\u{a0}\u{a0} Stock exchange release\u{a0}\u{a0}\u{a0}\u{a0}\u{a0}\u{a0} 9 April 2021 at9:00 am EET",
        url: "http://www.globenewswire.com/news-release/2021/04/09/2207198/0/en/Plc-Uutechnic-Group-Oyj-Arbrital-tribunal-appointed-for-the-arbitration-proceedings-concerning-the-redemption-of-the-minority-shares-in-Plc-Uutechnic-Group-Oyj.html",
    },
    MarketNews {
        category: "merger",
        datetime: 1617936480,
        headline: "Apollo Announces Extension of the Tender Offer for Shares of The Michaels Companies",
        id: 6339399,
        image: "https://res.cloudinary.com/whirlpooldata/image/upload/v1567047094/gnw_ngwqnq.png",
        related: "",
        source: "GlobalNewswire",
        summary: "NEW YORK, April  08, 2021  (GLOBE NEWSWIRE) -- Magic MergeCo, Inc. (the “Purchaser”), an entity controlled by funds (the “Apollo Funds”) managed by affiliates of Apollo Global Management, Inc. (NYSE: APO) (together with its consolidated subsidiaries, “Apollo”), a leading global alternative investment manager, and The Michaels Companies, Inc. (“Michaels”) (Nasdaq: MIK) today announced an agreement to extend the offering period of the previously commenced cash tender offer by the Purchaser to purchase all of the issued and outstanding shares of common stock of Michaels to 5:00 P.M., New York City time, on April 14, 2021, unless further extended. The tender offer was previously scheduled to expire one minute after 11:59 P.M., New York City time, on April 12, 2021.",
        url: "http://www.globenewswire.com/news-release/2021/04/09/2207161/0/en/Apollo-Announces-Extension-of-the-Tender-Offer-for-Shares-of-The-Michaels-Companies.html",
    },
    MarketNews {
        category: "merger",
        datetime: 1617917640,
        headline: "CE Brands Inc. and eBuyNow eCommerce Ltd. Provide Update on Prospectus Offering; Qualifying Transaction",
        id: 6338363,
        image: "https://res.cloudinary.com/whirlpooldata/image/upload/v1567047094/gnw_ngwqnq.png",
        related: "",
        source: "GlobalNewswire",
        summary: "CALGARY, Alberta and VICTORIA, British Columbia, April  08, 2021  (GLOBE NEWSWIRE) -- CE Brands Inc. (TSXV:CEBI.P, “CEBI”) and eBuyNow eCommerce Ltd. (“EBN”) are pleased to announce that shareholders have overwhelmingly approved all matters relating to CEBI’s proposed acquisition of EBN (the “Proposed Transaction”). The Proposed Transaction is intended to constitute CEBI’s Qualifying Transaction within the meaning of TSX Venture Exchange policies.",
        url: "http://www.globenewswire.com/news-release/2021/04/08/2207127/0/en/CE-Brands-Inc-and-eBuyNow-eCommerce-Ltd-Provide-Update-on-Prospectus-Offering-Qualifying-Transaction.html",
    },
    MarketNews {
        category: "merger",
        datetime: 1617916478,
        headline: "Columbia Property Trust gains as the company initiates strategic review",
        id: 6338361,
        image: "https://res.cloudinary.com/whirlpooldata/image/upload/v1567050932/sa_jgen9y.png",
        related: "",
        source: "SeekingAlpha",
        summary: "",
        url: "https://seekingalpha.com/news/3680553-columbia-property-trust-gains-as-the-company-initiates-strategic-review?utm_source=feed_news_m_a&utm_medium=referral",
    },
    MarketNews {
        category: "merger",
        datetime: 1617916200,
        headline: "Buck Enterprises Announces Business Acquisition of Financial Services Company Ann Vanderslice Retirement Planning Strategies To Expand Federal Benefits and Federal Retirement Planning Services",
        id: 6338364,
        image: "https://res.cloudinary.com/whirlpooldata/image/upload/v1567047094/gnw_ngwqnq.png",
        related: "",
        source: "GlobalNewswire",
        summary: "The business combination will expand Ann Vanderslice Retirement Planning Strategies’ scope and offerings for federal employees while operating as a subsidiary of holding company Buck Enterprises under the DBA Ann Vanderslice Federal Benefits Made Simple The business combination will expand Ann Vanderslice Retirement Planning Strategies’ scope and offerings for federal employees while operating as a subsidiary of holding company Buck Enterprises under the DBA Ann Vanderslice Federal Benefits Made Simple",
        url: "http://www.globenewswire.com/news-release/2021/04/08/2207119/0/en/Buck-Enterprises-Announces-Business-Acquisition-of-Financial-Services-Company-Ann-Vanderslice-Retirement-Planning-Strategies-To-Expand-Federal-Benefits-and-Federal-Retirement-Plann.html",
    },
    MarketNews {
        category: "merger",
        datetime: 1617915795,
        headline: "HealthEquity to acquire Further for $500M",
        id: 6338362,
        image: "https://res.cloudinary.com/whirlpooldata/image/upload/v1567050932/sa_jgen9y.png",
        related: "",
        source: "SeekingAlpha",
        summary: "",
        url: "https://seekingalpha.com/news/3680549-healthequity-to-acquire-further-for-500m?utm_source=feed_news_m_a&utm_medium=referral",
    },
    MarketNews {
        category: "merger",
        datetime: 1617914954,
        headline: "KPS Capital bags EMEA food and consumer packaging business from Crown Holdings",
        id: 6338133,
        image: "https://res.cloudinary.com/whirlpooldata/image/upload/v1567050932/sa_jgen9y.png",
        related: "",
        source: "SeekingAlpha",
        summary: "",
        url: "https://seekingalpha.com/news/3680542-kps-capital-bags-emea-food-and-consumer-packaging-business-from-crown-holdings?utm_source=feed_news_m_a&utm_medium=referral",
    },
    MarketNews {
        category: "merger",
        datetime: 1617914400,
        headline: "HealthEquity to Acquire Further",
        id: 6338128,
        image: "https://res.cloudinary.com/whirlpooldata/image/upload/v1567047094/gnw_ngwqnq.png",
        related: "",
        source: "GlobalNewswire",
        summary: "Adds private-label capabilities, significant health plan relationships\u{a0}and VEBA solutions Adds private-label capabilities, significant health plan relationships\u{a0}and VEBA solutions",
        url: "http://www.globenewswire.com/news-release/2021/04/08/2207103/32142/en/HealthEquity-to-Acquire-Further.html",
    },
    MarketNews {
        category: "merger",
        datetime: 1617913800,
        headline: "Dominion Water Reserves Acquisition",
        id: 6338129,
        image: "https://res.cloudinary.com/whirlpooldata/image/upload/v1567047094/gnw_ngwqnq.png",
        related: "",
        source: "GlobalNewswire",
        summary: "NOT FOR DISTRIBUTION TO U.S. NEWSWIRE SERVICES OR FOR DISSEMINATION IN THE UNITED STATES.",
        url: "http://www.globenewswire.com/news-release/2021/04/08/2207095/0/en/Dominion-Water-Reserves-Acquisition.html",
    },
    MarketNews {
        category: "merger",
        datetime: 1617913241,
        headline: "Sunworks stock rises on combination with Solcius",
        id: 6338127,
        image: "https://res.cloudinary.com/whirlpooldata/image/upload/v1567050932/sa_jgen9y.png",
        related: "",
        source: "SeekingAlpha",
        summary: "",
        url: "https://seekingalpha.com/news/3680521-sunworks-stock-rises-on-combination-with-solcius?utm_source=feed_news_m_a&utm_medium=referral",
    },
    MarketNews {
        category: "merger",
        datetime: 1617913080,
        headline: "Afya Limited Announces Medical Harbour Acquisition",
        id: 6338130,
        image: "https://res.cloudinary.com/whirlpooldata/image/upload/v1567047094/gnw_ngwqnq.png",
        related: "",
        source: "GlobalNewswire",
        summary: "NOVA LIMA, Brazil and MINAS GERAIS, Brazil, April  08, 2021  (GLOBE NEWSWIRE) -- Afya Limited, or Afya (Nasdaq: AFYA) today announced the acquisition of 100% of the total share capital of Medical Harbour, through its wholly-owned subsidiary Afya Participações S.A.",
        url: "http://www.globenewswire.com/news-release/2021/04/08/2207090/0/en/Afya-Limited-Announces-Medical-Harbour-Acquisition.html",
    },
    MarketNews {
        category: "merger",
        datetime: 1617906660,
        headline: "Voxtur Closes Acquisition of Anow",
        id: 6337701,
        image: "https://res.cloudinary.com/whirlpooldata/image/upload/v1567047094/gnw_ngwqnq.png",
        related: "",
        source: "GlobalNewswire",
        summary: "Increasing Recurring Revenue and Accelerating Innovation Increasing Recurring Revenue and Accelerating Innovation",
        url: "http://www.globenewswire.com/news-release/2021/04/08/2207032/0/en/Voxtur-Closes-Acquisition-of-Anow.html",
    },
    MarketNews {
        category: "merger",
        datetime: 1617906599,
        headline: "CommScope gains after announcing plan to spin off home networks business",
        id: 6337700,
        image: "https://res.cloudinary.com/whirlpooldata/image/upload/v1567050932/sa_jgen9y.png",
        related: "",
        source: "SeekingAlpha",
        summary: "",
        url: "https://seekingalpha.com/news/3680482-commscope-gains-after-announcing-plan-to-spin-off-home-networks-business?utm_source=feed_news_m_a&utm_medium=referral",
    },
    MarketNews {
        category: "merger",
        datetime: 1617899212,
        headline: "Willis Towers, Aon are said to advance remedy talks with European regulator",
        id: 6337257,
        image: "https://res.cloudinary.com/whirlpooldata/image/upload/v1567050932/sa_jgen9y.png",
        related: "",
        source: "SeekingAlpha",
        summary: "",
        url: "https://seekingalpha.com/news/3680447-willis-towers-aon-are-said-to-advance-remedy-talks-with-european-regulator?utm_source=feed_news_m_a&utm_medium=referral",
    },
    MarketNews {
        category: "merger",
        datetime: 1617896294,
        headline: "Leocor Gold to acquire district scale exploration projects in Newfoundland",
        id: 6337023,
        image: "https://res.cloudinary.com/whirlpooldata/image/upload/v1567050932/sa_jgen9y.png",
        related: "",
        source: "SeekingAlpha",
        summary: "",
        url: "https://seekingalpha.com/news/3680423-leocor-gold-to-acquire-district-scale-exploration-projects-in-newfoundland?utm_source=feed_news_m_a&utm_medium=referral",
    },
    MarketNews {
        category: "merger",
        datetime: 1617895920,
        headline: "Saint Jean Carbon Receives Conditional Approval For Acquisition of Solid Ultrabattery",
        id: 6337024,
        image: "https://res.cloudinary.com/whirlpooldata/image/upload/v1567047094/gnw_ngwqnq.png",
        related: "",
        source: "GlobalNewswire",
        summary: "NOT FOR DISTRIBUTION TO U.S. NEWSWIRE SERVICES OR FOR DISSEMINATION IN THE UNITED STATES",
        url: "http://www.globenewswire.com/news-release/2021/04/08/2206942/0/en/Saint-Jean-Carbon-Receives-Conditional-Approval-For-Acquisition-of-Solid-Ultrabattery.html",
    },
    MarketNews {
        category: "merger",
        datetime: 1617893088,
        headline: "Encompass Health shares make small move on takeover speculation",
        id: 6336806,
        image: "https://res.cloudinary.com/whirlpooldata/image/upload/v1567050932/sa_jgen9y.png",
        related: "",
        source: "SeekingAlpha",
        summary: "",
        url: "https://seekingalpha.com/news/3680394-encompass-health-shares-make-small-move-on-takeover-speculation?utm_source=feed_news_m_a&utm_medium=referral",
    },
    MarketNews {
        category: "merger",
        datetime: 1617890400,
        headline: "Westland Insurance Acquires Brokerage in Edmonton, Alberta",
        id: 6336808,
        image: "https://res.cloudinary.com/whirlpooldata/image/upload/v1567047094/gnw_ngwqnq.png",
        related: "",
        source: "GlobalNewswire",
        summary: "SURREY, British Columbia, April  08, 2021  (GLOBE NEWSWIRE) -- Westland Insurance Group Ltd. (“Westland”) is pleased to announce the closing of a new acquisition, MBS Insurance Brokers, effective April 1, 2021. Westland’s new retail office, located in Edmonton, Alberta, supports the company’s expansion strategy to serve more communities across Canada.",
        url: "http://www.globenewswire.com/news-release/2021/04/08/2206865/0/en/Westland-Insurance-Acquires-Brokerage-in-Edmonton-Alberta.html",
    },
    MarketNews {
        category: "merger",
        datetime: 1617888677,
        headline: "Par Technology acquires Punchh in stock and cash deal of~$500M",
        id: 6336566,
        image: "https://res.cloudinary.com/whirlpooldata/image/upload/v1567050932/sa_jgen9y.png",
        related: "",
        source: "SeekingAlpha",
        summary: "",
        url: "https://seekingalpha.com/news/3680342-par-technology-acquires-punchh-in-stock-and-cash-deal-of500m?utm_source=feed_news_m_a&utm_medium=referral",
    },
    MarketNews {
        category: "merger",
        datetime: 1617888600,
        headline: "Unmanned Ground Vehicles (UGV) Market to Rise at 14.95% CAGR till 2026; Increasing Applications in Defense and Military Sector to Aid Growth, says Fortune Business Insights™",
        id: 6336570,
        image: "https://res.cloudinary.com/whirlpooldata/image/upload/v1567047094/gnw_ngwqnq.png",
        related: "",
        source: "GlobalNewswire",
        summary: "Top companies covered in the unmanned ground vehicles (UGV) market report are ASELSAN A.S., Autonomous Solutions Inc., BAE Systems, Clearpath Robotics Inc., Cobham Limited, FLIR Systems, Inc., General Dynamics Corporation, L3Harris Technologies, Inc., Northrop Grumman Corporation, QinetiQ, Oshkosh Defense, LLC An Oshkosh, Corporation Company, Rheinmetall AG, Roboteam and more players profiled Top companies covered in the unmanned ground vehicles (UGV) market report are ASELSAN A.S., Autonomous Solutions Inc., BAE Systems, Clearpath Robotics Inc., Cobham Limited, FLIR Systems, Inc., General Dynamics Corporation, L3Harris Technologies, Inc., Northrop Grumman Corporation, QinetiQ, Oshkosh Defense, LLC An Oshkosh, Corporation Company, Rheinmetall AG, Roboteam and more players profiled",
        url: "http://www.globenewswire.com/news-release/2021/04/08/2206819/0/en/Unmanned-Ground-Vehicles-UGV-Market-to-Rise-at-14-95-CAGR-till-2026-Increasing-Applications-in-Defense-and-Military-Sector-to-Aid-Growth-says-Fortune-Business-Insights.html",
    },
    MarketNews {
        category: "merger",
        datetime: 1617888180,
        headline: "Man Group PLC : Form 8.3 - Bally\'s Corporation",
        id: 6336572,
        image: "https://res.cloudinary.com/whirlpooldata/image/upload/v1567047094/gnw_ngwqnq.png",
        related: "",
        source: "GlobalNewswire",
        summary: "FORM 8.3",
        url: "http://www.globenewswire.com/news-release/2021/04/08/2206812/0/en/Man-Group-PLC-Form-8-3-Bally-s-Corporation.html",
    },
    MarketNews {
        category: "merger",
        datetime: 1617888102,
        headline: "Envestnet acquires Harvest Savings & Wealth Technologies, adding to API ecosystem",
        id: 6336567,
        image: "https://res.cloudinary.com/whirlpooldata/image/upload/v1567050932/sa_jgen9y.png",
        related: "",
        source: "SeekingAlpha",
        summary: "",
        url: "https://seekingalpha.com/news/3680336-envestnet-acquires-harvest-savings-wealth-technologies-adding-to-api-ecosystem?utm_source=feed_news_m_a&utm_medium=referral",
    },
    MarketNews {
        category: "merger",
        datetime: 1617887880,
        headline: "Atmospheric Water Generators Market to Hit USD 6,214.9 Million Forecast 2027; Industrial Segment to Cover Largest Shares Owing to High Water Scarcity, says Fortune Business Insights™",
        id: 6336574,
        image: "https://res.cloudinary.com/whirlpooldata/image/upload/v1567047094/gnw_ngwqnq.png",
        related: "",
        source: "GlobalNewswire",
        summary: "Top companies covered are Eshara Water, Water Technologies International, Inc, Clean Wave Products, Atmospheric Water Generator, LLC, GENAQ Technologies S.L, Zhongling Xinquan, Air Drinking Water Technology Co., Ltd., Atlantis Solar, Island Sky Corporation, WaterMaker India Pvt. Ltd, Dew Point Manufacturing, PlanetsWater Ltd, Eurosport Active World Corporation, and other players profiled in atmospheric water generators market research report Top companies covered are Eshara Water, Water Technologies International, Inc, Clean Wave Products, Atmospheric Water Generator, LLC, GENAQ Technologies S.L, Zhongling Xinquan, Air Drinking Water Technology Co., Ltd., Atlantis Solar, Island Sky Corporation, WaterMaker India Pvt. Ltd, Dew Point Manufacturing, PlanetsWater Ltd, Eurosport Active World Corporation, and other players profiled in atmospheric water generators market research report",
        url: "http://www.globenewswire.com/news-release/2021/04/08/2206808/0/en/Atmospheric-Water-Generators-Market-to-Hit-USD-6-214-9-Million-Forecast-2027-Industrial-Segment-to-Cover-Largest-Shares-Owing-to-High-Water-Scarcity-says-Fortune-Business-Insights.html",
    },
]
