[
    MarketNews {
        category: "top news",
        datetime: 1619222208,
        headline: "We can vaccinate our way out of this epidemic if all adults and adolescents get shots, says doctor",
        id: 6403085,
        image: "https://image.cnbcfm.com/api/v1/image/106869484-1618575672264-gettyimages-1310072796-20210330-nng_9195_2021033071607589.jpeg?v=1618575709",
        related: "",
        source: "CNBC",
        summary: "Dr. Peter Hotez explains how the U.S. could return to a pre-Covid-19 normal by summer.",
        url: "https://www.cnbc.com/2021/04/23/we-can-vaccinate-our-way-out-of-this-epidemic-if-all-adults-get-shots-says-doctor.html",
    },
    MarketNews {
        category: "business",
        datetime: 1619218052,
        headline: "Nucor CEO expects strong 2021 after posting record quarterly profit",
        id: 6402926,
        image: "https://image.cnbcfm.com/api/v1/image/105527980-1540412556672ap_18212438793214.jpg?v=1542136370",
        related: "",
        source: "CNBC",
        summary: "\"Nucor expects next quarter to be strong, but quite frankly, with all the indicators we look at, we anticipate 2021 staying strong throughout the year,\" CEO Leon Topalian said.",
        url: "https://www.cnbc.com/2021/04/23/nucor-ceo-expects-strong-2021-after-posting-record-quarterly-profit.html",
    },
    MarketNews {
        category: "business",
        datetime: 1619216922,
        headline: "Cramer\'s week ahead: The market is creating \'unbelievable buying opportunities\'",
        id: 6402873,
        image: "https://image.cnbcfm.com/api/v1/image/106708530-1600454223441-wall.jpg?v=1600454322",
        related: "",
        source: "CNBC",
        summary: "\"As we head into the next five days of earnings, you need to think about what gets crushed as much as what is working,\" Cramer said",
        url: "https://www.cnbc.com/2021/04/23/cramers-week-ahead-the-stock-market-is-creating-buying-opportunities.html",
    },
    MarketNews {
        category: "top news",
        datetime: 1619214618,
        headline: "Cushman & Wakefield CEO expects growing economy to make up for remote work-related office declines",
        id: 6402718,
        image: "https://image.cnbcfm.com/api/v1/image/102310066-170540803.jpg?v=1578507451",
        related: "",
        source: "CNBC",
        summary: "Cushman & Wakefield\u{a0}CEO\u{a0}Brett White told CNBC he believes demand for office space will recover in two to three years as the global economy recovers from Covid.",
        url: "https://www.cnbc.com/2021/04/23/growing-economy-will-make-up-for-covid-related-office-cuts-cushman-wakefield-ceo.html",
    },
    MarketNews {
        category: "top news",
        datetime: 1619214149,
        headline: "Cryptocurrencies fall on possible Biden capital gains tax hike. Cramer, Draper and others react",
        id: 6402667,
        image: "https://image.cnbcfm.com/api/v1/image/105146184-GettyImages-942027126.jpg?v=1619210798",
        related: "",
        source: "CNBC",
        summary: "With reports of Biden\'s plans to raise capital gains taxes shaving billions off the cryptocurrency market, market analysts evaluate the move\'s impact.",
        url: "https://www.cnbc.com/2021/04/23/cryptocurrencies-dip-on-possible-capital-gains-tax-hike-what-to-watch.html",
    },
    MarketNews {
        category: "business",
        datetime: 1619210524,
        headline: "Federal government reopens grant applications for movie theaters, entertainment venues after failed launch",
        id: 6402456,
        image: "https://image.cnbcfm.com/api/v1/image/106873253-1619207809263-gettyimages-1231741386-LA_COUNTY_REOPENING.jpeg?v=1619207878",
        related: "",
        source: "CNBC",
        summary: "Applications for the Shuttered Venue Operators Grant will resume Saturday at 12:30 p.m. E.T.",
        url: "https://www.cnbc.com/2021/04/23/government-reopens-grant-applications-for-venues-and-movie-theaters-.html",
    },
    MarketNews {
        category: "business",
        datetime: 1619199321,
        headline: "How to watch the 2021 Academy Awards without cable",
        id: 6401837,
        image: "https://image.cnbcfm.com/api/v1/image/106865434-1617891212444-gettyimages-1125098974-AFP_1DI0R3.jpeg?v=1617891241",
        related: "",
        source: "CNBC",
        summary: "The 93rd Academy Awards\u{a0}are set to kick off Sunday at 8 p.m. ET on ABC.",
        url: "https://www.cnbc.com/2021/04/23/oscars-2021-how-to-stream-the-awards-show-without-cable.html",
    },
    MarketNews {
        category: "top news",
        datetime: 1619197879,
        headline: "\'Fundamentals for high-yield issuers are quite good\' despite low rates, Vanguard\'s head of fixed income says",
        id: 6401731,
        image: "https://image.cnbcfm.com/api/v1/image/106858903-16166127177583-DOCN-OB-Photo-20210324-Press-23-6--jpg?v=1616612769",
        related: "",
        source: "CNBC",
        summary: "As investors struggle with managing their high-yield investments, two market analysts share their strategies.",
        url: "https://www.cnbc.com/2021/04/23/fundamentals-for-high-yield-issuers-are-good-amid-low-rates-vanguard.html",
    },
    MarketNews {
        category: "top news",
        datetime: 1619195932,
        headline: "The pause on federal student loan payments ends Sept. 30—here\'s how to prepare",
        id: 6401678,
        image: "https://image.cnbcfm.com/api/v1/image/106872782-1619148877501-gettyimages-1291370103-1w3a2245.jpeg?v=1619148901",
        related: "",
        source: "CNBC",
        summary: "Since March 27, 2020, federal student loan interest rates have been set to 0% and payments have been paused.",
        url: "https://www.cnbc.com/2021/04/23/when-federal-student-loan-payments-pause-ends-how-to-prepare.html",
    },
    MarketNews {
        category: "top news",
        datetime: 1619194460,
        headline: "Why \'greenwashing\' is an issue for sustainable investments—and how to avoid it",
        id: 6401570,
        image: "https://image.cnbcfm.com/api/v1/image/106872430-1619106582820-apple-apple-book-book-sofa-sofa-long-hair-long-hair-eating-eating-reading-reading-beautiful-young_t20_BaJp7O.jpg?v=1619106609",
        related: "",
        source: "CNBC",
        summary: "Not every sustainable investment fund is created equal. Here\'s how to make sure the fund you\'re investing in aligns with your values.",
        url: "https://www.cnbc.com/2021/04/23/what-to-know-about-greenwashing-in-sustainable-investments.html",
    },
    MarketNews {
        category: "business",
        datetime: 1619194201,
        headline: "How meme stocks like Gamestop and AMC changed Wall Street",
        id: 6401516,
        image: "https://image.cnbcfm.com/api/v1/image/106871821-1619026888286-GettyImages-1230829834.jpg?v=1619027080",
        related: "",
        source: "CNBC",
        summary: "The GameStop frenzy in late January forced Wall Street to pay attention to retail investors like never before.",
        url: "https://www.cnbc.com/2021/04/23/how-reddit-meme-stocks-like-gamestop-and-amc-changed-wall-street.html",
    },
    MarketNews {
        category: "top news",
        datetime: 1619193953,
        headline: "Stocks making the biggest moves midday: Kimberly-Clark, Intel, Snap and more",
        id: 6401515,
        image: "https://image.cnbcfm.com/api/v1/image/104965972-GettyImages-823212518.jpg?v=1619192738",
        related: "",
        source: "CNBC",
        summary: "Take a look at the companies making headlines in midday trading.",
        url: "https://www.cnbc.com/2021/04/23/stocks-making-the-biggest-moves-midday-kimberly-clark-intel-snap-and-more.html",
    },
    MarketNews {
        category: "business",
        datetime: 1619193602,
        headline: "ESPN to air Marvel-themed NBA game on May 3 featuring Warriors, Pelicans",
        id: 6401517,
        image: "https://image.cnbcfm.com/api/v1/image/106872980-1619187167394-Untitled-3.jpg?v=1619187221",
        related: "",
        source: "CNBC",
        summary: "The game\'s traditional NBA broadcast will air on ESPN, and the Marvel game will be available on the network\'s ESPN2 channel and streaming service.",
        url: "https://www.cnbc.com/2021/04/23/espn-to-air-marvel-theme-nba-game-may-3-featuring-warriors-pelicans.html",
    },
    MarketNews {
        category: "top news",
        datetime: 1619193557,
        headline: "L Brands\' Victoria\'s Secret reportedly back in sale talks targeting higher valuation",
        id: 6401465,
        image: "https://image.cnbcfm.com/api/v1/image/106802955-1606481233358-2020-11-27T123711Z_712943639_RC2OBK9X6IHZ_RTRMADP_3_USA-HOLIDAYSHOPPING-BLACKFRIDAY.jpg?v=1619188455",
        related: "",
        source: "CNBC",
        summary: "L Brands is back in sale talks with potential buyers for its Victoria\'s Secret lingerie brand, according to a report, and it is seeking a higher valuation.",
        url: "https://www.cnbc.com/2021/04/23/l-brands-victorias-secret-in-sale-talks-at-higher-valuation-report.html",
    },
    MarketNews {
        category: "top news",
        datetime: 1619191149,
        headline: "Biggest QQQ Exodus Since 2000 Ups the Ante on Big Tech Earnings - Bloomberg",
        id: 5648868,
        image: "https://data.bloomberglp.com/company/sites/2/2019/01/logobbg-wht.png",
        related: "",
        source: "Bloomberg",
        summary: "Tech’s uninspired start to earnings season has investors dumping billions before the sector’s heavyweights report next week.",
        url: "https://www.bloomberg.com/news/articles/2021-04-23/biggest-qqq-exodus-since-2000-ups-the-ante-on-big-tech-earnings",
    },
    MarketNews {
        category: "top news",
        datetime: 1619189793,
        headline: "Watch live: CDC panel debates use of J&J Covid vaccine after rare blood clot issue",
        id: 6401245,
        image: "https://image.cnbcfm.com/api/v1/image/106845149-16141931342021-02-24t185559z_1785760919_rc26zl99vt2d_rtrmadp_0_health-coronavirus-vaccines-johnson-johnson.jpeg?v=1614193182",
        related: "",
        source: "CNBC",
        summary: "A Centers for Disease Control and Prevention advisory panel is holding an emergency meeting Friday to debate the Johnson & Johnson Covid-19 vaccine.",
        url: "https://www.cnbc.com/2021/04/23/watch-live-cdc-panel-debates-jj-covid-vaccine-after-rare-blood-clot-issue-.html",
    },
    MarketNews {
        category: "top news",
        datetime: 1619188201,
        headline: "The battle over job benefits and perks in post-Covid hybrid work",
        id: 6401246,
        image: "https://image.cnbcfm.com/api/v1/image/106872347-1619101288207-gettyimages-855381976-ec1023446.jpeg?v=1619101365",
        related: "",
        source: "CNBC",
        summary: "As post-Covid office models emerge, some employees are willing to trade benefits like health care and paid time off for more control over work location.",
        url: "https://www.cnbc.com/2021/04/23/how-post-covid-hybrid-work-will-change-job-benefits-perks.html",
    },
    MarketNews {
        category: "top news",
        datetime: 1619186121,
        headline: "‘Black Swan’ author calls bitcoin a \'gimmick\' and a \'game,\' says it resembles a Ponzi scheme",
        id: 6401025,
        image: "https://image.cnbcfm.com/api/v1/image/102955646-20150828-1956-1565.jpg?v=1440783153",
        related: "",
        source: "CNBC",
        summary: "\"Black Swan\" author Nassim Taleb told CNBC there is \"absolutely no reason\" bitcoin is linked to economic conditions, adding it\'s also a bad currency.",
        url: "https://www.cnbc.com/2021/04/23/bitcoin-a-gimmick-and-resembles-a-ponzi-scheme-black-swan-author-.html",
    },
    MarketNews {
        category: "top news",
        datetime: 1619183203,
        headline: "U.S. Covid vaccinations slow as more states pass half of residents jabbed",
        id: 6400861,
        image: "https://image.cnbcfm.com/api/v1/image/106872488-1619110628545-gettyimages-1232460195-AFP_98J7KG.jpeg?v=1619110672",
        related: "",
        source: "CNBC",
        summary: "Average daily reported Covid vaccinations in the U.S. dipped below 3 million Thursday, after more than two weeks above that level.",
        url: "https://www.cnbc.com/2021/04/23/covid-19-cases-deaths-vaccinations-daily-update.html",
    },
    MarketNews {
        category: "top news",
        datetime: 1619182801,
        headline: "70% of women are stressed about saving and investing. Experts say these 3 steps can help",
        id: 6400920,
        image: "https://image.cnbcfm.com/api/v1/image/106560174-1591028021127gettyimages-1171809255.jpg?v=1615473247",
        related: "",
        source: "CNBC",
        summary: "Experts at Fidelity laid out three steps that have helped clients reduce their money-related stress and better manage their finances.",
        url: "https://www.cnbc.com/2021/04/23/3-steps-to-reduce-your-stress-about-money.html",
    },
    MarketNews {
        category: "business",
        datetime: 1619182517,
        headline: "\'Nomadland\' leads the pack for best picture heading into the Oscars, but best actress award is wide open",
        id: 6400862,
        image: "https://image.cnbcfm.com/api/v1/image/106853911-1615814918591-nomadland_Cropped.jpg?v=1615814992",
        related: "",
        source: "CNBC",
        summary: "While more than two dozen awards will be presented this Sunday. Here\'s a look at who could take home the prize in the top categories.",
        url: "https://www.cnbc.com/2021/04/23/oscars-2021-predictions-for-who-will-win-the-top-academy-awards.html",
    },
    MarketNews {
        category: "business",
        datetime: 1619182377,
        headline: "Elon Musk thinks NASA\'s goal of landing people on the moon by 2024 is \'actually doable\'",
        id: 6400809,
        image: "https://image.cnbcfm.com/api/v1/image/106806377-1607090600215-gettyimages-1229893101-AFP_8WA6E2.jpeg?v=1613170197",
        related: "",
        source: "CNBC",
        summary: "Elon Musk thinks that SpaceX can help NASA meet its goal of landing astronauts on the moon by 2024, an ambitious goal for both the space agency and company.",
        url: "https://www.cnbc.com/2021/04/23/elon-musk-nasa-goal-of-2024-moon-landing-is-actually-doable-.html",
    },
    MarketNews {
        category: "top news",
        datetime: 1619180920,
        headline: "Two traders pick their FAANG favorites ahead of earnings next week",
        id: 6400755,
        image: "https://image.cnbcfm.com/api/v1/image/106870472-1618858460966-logo.jpg?v=1618858521",
        related: "",
        source: "CNBC",
        summary: "As the market\'s largest tech companies gear up to report earnings, two traders share which names they\'d be buying.",
        url: "https://www.cnbc.com/2021/04/23/two-traders-pick-their-faang-favorites-ahead-of-earnings-next-week.html",
    },
    MarketNews {
        category: "business",
        datetime: 1619179201,
        headline: "Presumptive top NFL draft pick Trevor Lawrence announces first endorsement deal — with Gatorade",
        id: 6400640,
        image: "https://image.cnbcfm.com/api/v1/image/106872779-1619179451289-106872779-1619145720990-GAT-TrevorLawrence-social-IG-12.jpg?v=1619179466",
        related: "",
        source: "CNBC",
        summary: "The star-studded Clemson quarterback has signed his first endorsement deal, with sports drink maker Gatorade.",
        url: "https://www.cnbc.com/2021/04/23/trevor-lawrence-announces-first-endorsement-deal-with-gatorade-.html",
    },
    MarketNews {
        category: "top news",
        datetime: 1619178663,
        headline: "Stocks making the biggest moves in the premarket: Kimberly-Clark, Boston Beer, Mattel & more",
        id: 6400586,
        image: "https://image.cnbcfm.com/api/v1/image/103097578-GettyImages-493449710.jpg?v=1619178146",
        related: "",
        source: "CNBC",
        summary: "The stocks making the biggest moves in premarket trading include Kimberly-Clark, Boston Beer, Mattel, and more.",
        url: "https://www.cnbc.com/2021/04/23/stocks-making-the-biggest-moves-in-the-premarket-kimberly-clark-boston-beer-mattel-more.html",
    },
    MarketNews {
        category: "top news",
        datetime: 1619174771,
        headline: "How two traders are approaching emerging markets as Covid cases surge in India, Brazil",
        id: 6400373,
        image: "https://image.cnbcfm.com/api/v1/image/106845808-1614277040829-gettyimages-1231376712-AFP_93R7NK.jpeg?v=1619124439",
        related: "",
        source: "CNBC",
        summary: "Two market analysts are at odds when it comes to how investors should trade emerging markets as coronavirus cases rise.",
        url: "https://www.cnbc.com/2021/04/23/how-to-trade-emerging-markets-as-covid-cases-surge-in-india-brazil.html",
    },
    MarketNews {
        category: "business",
        datetime: 1619173833,
        headline: "SpaceX Crew-2 reaches orbit, with Elon Musk\'s company launching 10 astronauts in under a year",
        id: 6400321,
        image: "https://image.cnbcfm.com/api/v1/image/106872852-1619173401324-gettyimages-1232473523-AFP_98L2KP.jpeg?v=1619173441",
        related: "",
        source: "CNBC",
        summary: "SpaceX launched another group of astronauts for NASA early on Friday morning, with Elon Musk\'s company now having sent 10 astronauts to space in under a year.",
        url: "https://www.cnbc.com/2021/04/23/spacexs-crew-2-mission-for-nasa-launches-successfully-reaches-orbit.html",
    },
    MarketNews {
        category: "top news",
        datetime: 1619135769,
        headline: "U.S. doesn’t have the policy tools, investments necessary to meet ambitious climate pledge, says climate author",
        id: 6398105,
        image: "https://image.cnbcfm.com/api/v1/image/106872315-1619101314175-106872315-1619099570749-gettyimages-1313837939-whthurs_029_ad_042221_2021042291511580.jpg?v=1619101755",
        related: "",
        source: "CNBC",
        summary: "Author David Wallace-Wells questions whether or not the U.S. had the ability to actually meet President Joe Biden’s climate pledge.",
        url: "https://www.cnbc.com/2021/04/22/us-doesnt-have-the-policy-tools-investments-needed-to-meet-climate-pledge-says-author.html",
    },
    MarketNews {
        category: "business",
        datetime: 1619132161,
        headline: "Fears of Biden\'s capital gains tax proposal are discounting stocks, Jim Cramer says",
        id: 6397946,
        image: "https://image.cnbcfm.com/api/v1/image/106861090-1617051461804-gettyimages-1232006796-775639127.jpeg?v=1617051505",
        related: "",
        source: "CNBC",
        summary: "\"Be ready to buy stocks that are getting crushed by tax fears that have nothing to do with the fundamentals,\" the \"Mad Money\" host said.",
        url: "https://www.cnbc.com/2021/04/22/jim-cramer-fears-of-bidens-capital-gains-tax-are-discounting-stocks.html",
    },
    MarketNews {
        category: "top news",
        datetime: 1619131591,
        headline: "Chipotle stuns Wall Street with quesadilla-fueled earnings win: CNBC After Hours",
        id: 6397896,
        image: "https://image.cnbcfm.com/api/v1/image/106872686-AH-YT-Thumb-jpg?v=1619127067",
        related: "",
        source: "CNBC",
        summary: "On today\'s show, Kate Rogers breaks down Chipotle\'s blockbuster first quarter and massive digital sales growth.",
        url: "https://www.cnbc.com/2021/04/22/chipotle-stuns-wall-street-with-quesadilla-fueled-earnings-win-cauliflower-rice-digital-sales.html",
    },
    MarketNews {
        category: "business",
        datetime: 1619130740,
        headline: "Nestle CEO says business case for sustainability emerges as consumers demand it more than before",
        id: 6397841,
        image: "https://image.cnbcfm.com/api/v1/image/105901524-1557350280956img_2610r.jpg?v=1557350370",
        related: "",
        source: "CNBC",
        summary: "\"Today\'s consumer asks even more than before for sustainability,\" Nestle CEO Mark Schneider said in a CNBC interview on Earth Day.",
        url: "https://www.cnbc.com/2021/04/22/nestle-ceo-the-business-case-for-sustainable-investing-is-emerging.html",
    },
    MarketNews {
        category: "top news",
        datetime: 1619130285,
        headline: "Happy Earth Day: Traders share top environmentally friendly investments",
        id: 6397842,
        image: "https://image.cnbcfm.com/api/v1/image/105064851-GettyImages-586126550.jpg?v=1619124602",
        related: "",
        source: "CNBC",
        summary: "To celebrate Earth Day, we asked two traders where they\'re putting money to work while going green.",
        url: "https://www.cnbc.com/2021/04/22/earth-day-2021-traders-share-top-environmentally-friendly-investments.html",
    },
    MarketNews {
        category: "business",
        datetime: 1619125034,
        headline: "Delta orders 25 additional Airbus A321neo jetliners, options for 25 more",
        id: 6397471,
        image: "https://image.cnbcfm.com/api/v1/image/106845519-1614256318926-gettyimages-1231365211-VIRUS_VACCINE_US.jpeg?v=1619124790",
        related: "",
        source: "CNBC",
        summary: "",
        url: "https://www.cnbc.com/2021/04/22/delta-orders-25-airbus-a321neo-jetliners-.html",
    },
    MarketNews {
        category: "business",
        datetime: 1619124165,
        headline: "Mattel sales soared 47% as parents bought toys with stimulus checks, toymaker raises outlook",
        id: 6397412,
        image: "https://image.cnbcfm.com/api/v1/image/106872389-1619103932157-gettyimages-1184879038-WALMART_BLACK_FRIDAY.jpeg?v=1619103974",
        related: "",
        source: "CNBC",
        summary: "Toymaker Mattel reported its first-quarter earnings Thursday, exceeding analysts\' expectations.",
        url: "https://www.cnbc.com/2021/04/22/mattel-mat-q1-2021-earnings.html",
    },
    MarketNews {
        category: "business",
        datetime: 1619123520,
        headline: "$100 million NJ deli company was delisted for \'irregularities\' — related firm E-Waste is under scrutiny, too",
        id: 6397410,
        image: "https://image.cnbcfm.com/api/v1/image/106869089-1618511051368-Screen-Shot-2021-04-15-at-22033-PM.jpg?v=1618511062",
        related: "",
        source: "CNBC",
        summary: "NJ deli owner Hometown International had its stock delisted by an over-the-counter markets firm. The company\'s CEO is high school wrestling coach Paul Morina.",
        url: "https://www.cnbc.com/2021/04/22/hometown-international-stock-100m-nj-deli-delisted-disclosure-irregularities.html",
    },
    MarketNews {
        category: "top news",
        datetime: 1619121735,
        headline: "\'I just became a dogecoin millionaire\': This 33-year-old invested his savings in the meme cryptocurrency with inspiration from Elon Musk",
        id: 6397300,
        image: "https://image.cnbcfm.com/api/v1/image/106872490-1619110744500-image0_1.jpeg?v=1619110924",
        related: "",
        source: "CNBC",
        summary: "\"I grew up really poor, so this is a huge deal for me,\" says Glauber Contessoto, who says he invested over $180,000 in dogecoin in February at about 4.5 cents.",
        url: "https://www.cnbc.com/2021/04/22/reddit-trader-im-a-dogecoin-millionaire-inspired-by-elon-musk.html",
    },
    MarketNews {
        category: "top news",
        datetime: 1619119592,
        headline: "Fauci says people who get Covid between vaccine shots can get second dose soon after recovery",
        id: 6397141,
        image: "https://image.cnbcfm.com/api/v1/image/106867667-1618336116895-gettyimages-1312337025-a16i7837_2021041311907345.jpeg?v=1618336148",
        related: "",
        source: "CNBC",
        summary: "People who get infected with the coronavirus between Covid-19 vaccine shots can get their second dose after they\'ve recovered, Dr. Anthony Fauci said Thursday.",
        url: "https://www.cnbc.com/2021/04/22/fauci-people-who-get-covid-between-vaccine-shots-can-get-second-dose-after-recovery.html",
    },
    MarketNews {
        category: "top news",
        datetime: 1619118869,
        headline: "Citigroup will pay NY mayoral candidate, former exec Ray McGuire $5.7 million over next few years",
        id: 6397142,
        image: "https://image.cnbcfm.com/api/v1/image/106872456-1619109240308-ray.jpg?v=1619109286",
        related: "",
        source: "CNBC",
        summary: "Former Citigroup executive Ray McGuire, who is running to be mayor of New York, will receive over $5 million from the Wall Street bank from 2022 through 2025.",
        url: "https://www.cnbc.com/2021/04/22/citigroup-will-pay-ny-mayor-candidate-ray-mcguire-5point7-million-over-next-few-years.html",
    },
    MarketNews {
        category: "top news",
        datetime: 1619113256,
        headline: "Suze Orman: You are paying off debt wrong. Here\'s the best way to get rid of your loans",
        id: 6396825,
        image: "https://image.cnbcfm.com/api/v1/image/106872461-1619109424068-GettyImages-154488071.jpg?v=1619109876",
        related: "",
        source: "CNBC",
        summary: "People always ask how to pay off their debt. They should be asking which bills to tackle first, according to financial expert Suze Orman.",
        url: "https://www.cnbc.com/2021/04/22/suze-orman-student-loans-should-be-paid-off-before-credit-cards.html",
    },
    MarketNews {
        category: "top news",
        datetime: 1619112681,
        headline: "Options players are betting on a blowout earnings report from Intel after the bell",
        id: 6396771,
        image: "https://image.cnbcfm.com/api/v1/image/106872447-1619108610731-gettyimages-1231909438-widak-inteltoc210324_nps7M.jpeg?v=1619108682",
        related: "",
        source: "CNBC",
        summary: "All signs from the options market point to Intel continuing to outperform the broader semiconductor space when it reports after the bell on Thursday",
        url: "https://www.cnbc.com/2021/04/22/options-players-betting-on-blowout-earnings-report-intel-after-bell.html",
    },
    MarketNews {
        category: "top news",
        datetime: 1619109734,
        headline: "8 in 10 Asian Americans say violence against them is rising—yet support is lacking",
        id: 6396552,
        image: "https://image.cnbcfm.com/api/v1/image/106871974-1619039390359-gettyimages-1310799203-dscf8452_2021040440704031.jpeg?v=1619039437",
        related: "",
        source: "CNBC",
        summary: "How individuals, employers and policymakers play a role in addressing anti-Asian racism.",
        url: "https://www.cnbc.com/2021/04/22/8-in-10-asian-americans-say-violence-is-risingyet-support-is-lacking.html",
    },
    MarketNews {
        category: "top news",
        datetime: 1619106681,
        headline: "We asked more than 500 Congress members about student loan forgiveness—here\'s what we found",
        id: 6396387,
        image: "https://image.cnbcfm.com/api/v1/image/106871838-1619028774115-gettyimages-1157409604-studentloans_BC_110_072319.jpeg?v=1619028844",
        related: "",
        source: "CNBC",
        summary: "With many calling for student loan forgiveness, here\'s a look at where members of Congress stand on the issue.",
        url: "https://www.cnbc.com/2021/04/22/student-loan-forgiveness-where-members-of-congress-stand.html",
    },
    MarketNews {
        category: "top news",
        datetime: 1619106092,
        headline: "New Covid variant detected at Texas A&M lab shows signs of antibody resistance and more severe illness in young people",
        id: 6396326,
        image: "https://image.cnbcfm.com/api/v1/image/106644523-1596448524035-gettyimages-1212370347-corona_blood1_01.jpeg?v=1596448568",
        related: "",
        source: "CNBC",
        summary: "\"This variant combines genetic markers separately associated with rapid spread, severe disease and high resistance to neutralizing antibodies,\" Chief Virologist Ben Neuman said.",
        url: "https://www.cnbc.com/2021/04/22/new-covid-variant-detected-at-texas-am-lab-shows-signs-of-antibody-resistance-and-more-severe-illness-in-young-people.html",
    },
    MarketNews {
        category: "top news",
        datetime: 1619104236,
        headline: "135 million Americans are breathing unhealthy air, American Lung Association says",
        id: 6396219,
        image: "https://image.cnbcfm.com/api/v1/image/105808824-1553258029493gettyimages-155361170.jpeg?v=1553258047",
        related: "",
        source: "CNBC",
        summary: "Although air pollution has seen incredible improvement since the 1970\'s, more than 4 in 10 Americans still live in counties with poor air quality.",
        url: "https://www.cnbc.com/2021/04/22/heres-how-many-americans-are-effected-by-air-pollution-every-year.html",
    },
    MarketNews {
        category: "business",
        datetime: 1619104005,
        headline: "Here\'s how much money you\'d have if you bought $1,000 worth of Netflix stock in 2011",
        id: 6396274,
        image: "https://image.cnbcfm.com/api/v1/image/106871579-1619011081519-gettyimages-1152479352-cy0a7952_20190529122126874.jpeg?v=1619011107",
        related: "",
        source: "CNBC",
        summary: "Netflix\'s stock growth over the past decade has outpaced Apple\'s and more than doubled Google parent Alphabet.",
        url: "https://www.cnbc.com/2021/04/22/what-a-1000-dollar-investment-in-netflix-would-be-worth-after-10-years.html",
    },
    MarketNews {
        category: "top news",
        datetime: 1619103740,
        headline: "Companies’ bottom lines are getting a boost from the reopening, but stocks don’t seem to care",
        id: 6396272,
        image: "https://image.cnbcfm.com/api/v1/image/106864948-16178204834625-PRESS-FOA-Traders-Photo-20210407-5-6--jpg?v=1617820545",
        related: "",
        source: "CNBC",
        summary: "Companies are beating estimates and boosting guidance, suggesting that the economy is truly reopening.",
        url: "https://www.cnbc.com/2021/04/22/whirlpool-dr-horton-boost-guidance-heralding-the-us-reopening.html",
    },
    MarketNews {
        category: "business",
        datetime: 1619102682,
        headline: "European Super League: Real Madrid president Florentino Perez says plans are not \'dead\' despite withdrawals",
        id: 6396161,
        image: "https://image.cnbcfm.com/api/v1/image/106870695-1618903385463-gettyimages-1207055759-mvds3090_2020021823235261.jpeg?v=1618903555",
        related: "",
        source: "CNBC",
        summary: "Real Madrid president Florentino Perez insists the European Super League is not \"dead.\"",
        url: "https://www.cnbc.com/2021/04/22/real-madrid-chief-perez-says-super-league-is-not-dead.html",
    },
    MarketNews {
        category: "top news",
        datetime: 1619098201,
        headline: "Older millennials made it to management—now they\'re wondering if they even want to be the boss",
        id: 6395875,
        image: "https://image.cnbcfm.com/api/v1/image/106869748-1618597922026-gettyimages-722208811-bld243034.jpeg?v=1618597954",
        related: "",
        source: "CNBC",
        summary: "After spending their early careers burning out on limited opportunities, older millennials are rethinking whether climbing the corporate ladder is worth it.",
        url: "https://www.cnbc.com/2021/04/22/burned-out-millennials-are-rethinking-if-they-want-to-be-the-boss.html",
    },
    MarketNews {
        category: "business",
        datetime: 1619095575,
        headline: "Zack Snyder\'s \'Justice League\' cut did little to boost HBO Max subscriptions",
        id: 6395697,
        image: "https://image.cnbcfm.com/api/v1/image/106855562-1616010101200-justice_league_Cropped.jpg?v=1616010196",
        related: "",
        source: "CNBC",
        summary: "Zack Snyder\'s cut of \"Justice League\" may have been a hit with fans, but it did little to move the needle for HBO Max subscriptions.",
        url: "https://www.cnbc.com/2021/04/22/zack-snyders-justice-league-did-little-to-boost-hbo-max-subscriptions.html",
    },
    MarketNews {
        category: "top news",
        datetime: 1619094808,
        headline: "6 Black climate change leaders you need to know: \'We have to be active. It is literally a matter of life or death\'",
        id: 6395638,
        image: "https://image.cnbcfm.com/api/v1/image/106871123-1618943147772-BullardDSC_7161FILEminimizer.JPG?v=1619094656",
        related: "",
        source: "CNBC",
        summary: "Many of those with the largest megaphones about the importance of mitigating climate change are white. Here are some top Black leaders doing critical work.",
        url: "https://www.cnbc.com/2021/04/22/black-climate-change-leaders-we-have-to-be-active.html",
    },
    MarketNews {
        category: "top news",
        datetime: 1619091665,
        headline: "Stocks making the biggest moves in the premarket: American Airlines, Teradata, Equifax & more",
        id: 6395421,
        image: "https://image.cnbcfm.com/api/v1/image/106831508-16118383622021-01-28t123202z_152073181_rc20hl94sba4_rtrmadp_0_american-airline-results.jpeg?v=1611838397",
        related: "",
        source: "CNBC",
        summary: "The stocks making the biggest moves in premarket trading include American Airlines, Teradata, Equifax, and more.",
        url: "https://www.cnbc.com/2021/04/22/stocks-making-the-biggest-moves-in-the-premarket-american-airlines-teradata-equifax-more.html",
    },
    MarketNews {
        category: "business",
        datetime: 1619090032,
        headline: "Jeff Bezos, Drake and others invest $80 million in sports media company Overtime",
        id: 6395315,
        image: "https://image.cnbcfm.com/api/v1/image/106872009-1619044487332-gettyimages-1184740156-rl_rapsvs76_17.jpeg?v=1619044652",
        related: "",
        source: "CNBC",
        summary: "Overtime will use a portion of the funds to fuel its basketball league that pays 16-to-18-year-old players at least $100,000 per year.",
        url: "https://www.cnbc.com/2021/04/22/jeff-bezos-drake-and-more-invest-80-million-in-sports-media-company-overtime.html",
    },
    MarketNews {
        category: "business",
        datetime: 1619089201,
        headline: "As women directors enter the Oscar spotlight, here are 13 filmmakers to watch",
        id: 6395313,
        image: "https://image.cnbcfm.com/api/v1/image/106860777-1617025033761-gettyimages-1205149466-rf1_7954_2020020951458124.jpeg?v=1617025104",
        related: "",
        source: "CNBC",
        summary: "The historic nomination of two female directors signals that Hollywood is changing. A look at 13 women who are making waves in the film industry.",
        url: "https://www.cnbc.com/2021/04/22/oscars-2021-13-women-directors-making-waves-in-hollywood-.html",
    },
    MarketNews {
        category: "top news",
        datetime: 1619089154,
        headline: "Commodity prices are spiking — here\'s how traders are hedging the risks",
        id: 6395314,
        image: "https://image.cnbcfm.com/api/v1/image/105131381-GettyImages-862971640.jpg?v=1619040040",
        related: "",
        source: "CNBC",
        summary: "Lean hogs, corn, crude oil and lumber prices have surged this year. Matt Maley of Miller Tabak and Quint Tatro of Joule Financial break down the moves.",
        url: "https://www.cnbc.com/2021/04/22/commodity-futures-spike-stocks-to-hedge-risk-with-rising-prices.html",
    },
    MarketNews {
        category: "top news",
        datetime: 1619062060,
        headline: "$100 million New Jersey deli company Hometown International delisted from an over-the-counter market",
        id: 6393708,
        image: "https://image.cnbcfm.com/api/v1/image/106869089-1618511051368-Screen-Shot-2021-04-15-at-22033-PM.jpg?v=1618511062",
        related: "",
        source: "CNBC",
        summary: "Hometown International has a high market value given meager sales at the Your Hometown Deli in Paulsboro, N.J., its sole business.",
        url: "https://www.cnbc.com/2021/04/22/100-million-new-jersey-deli-company-delisted-from-otc-market.html",
    },
    MarketNews {
        category: "top news",
        datetime: 1619046395,
        headline: "Tech is an \'extremely dynamic\' and resilient investment as economy reopens: Oppenheimer",
        id: 6392830,
        image: "https://image.cnbcfm.com/api/v1/image/106498513-1588261444974preview.jpg?v=1619040104",
        related: "",
        source: "CNBC",
        summary: "Oppenheimer Asset Management\'s John Stoltzfus sees trading activity as a lot more sensible than critics think, particularly when it comes to 2020\'s big winner.",
        url: "https://www.cnbc.com/2021/04/21/tech-is-an-extremely-dynamic-and-resilient-investment-oppenheimer.html",
    },
    MarketNews {
        category: "business",
        datetime: 1619046059,
        headline: "Cramer says bidding war for Kansas City Southern shows bargains remain in stock market",
        id: 6392829,
        image: "https://image.cnbcfm.com/api/v1/image/106748334-1602877876642-abkan.jpg?v=1619041337",
        related: "",
        source: "CNBC",
        summary: "CNBC\'s Jim Cramer considers the competing bids for Kansas City Southern to be a \"very encouraging sign\" for the stock market amid concerns of frothiness.",
        url: "https://www.cnbc.com/2021/04/21/cramer-bids-for-kansas-city-southern-show-bargains-remain-in-market.html",
    },
    MarketNews {
        category: "business",
        datetime: 1619045786,
        headline: "Marvell closes on $10 billion Inphi deal, expanding data center and 5G business",
        id: 6392832,
        image: "https://image.cnbcfm.com/api/v1/image/104856671-20171121-6158-2517.jpg?v=1511300097",
        related: "",
        source: "CNBC",
        summary: "\"It\'s a very clean deal and there was overwhelming support from all of our customers globally, including in China,\" Marvell Technology CEO Matt Murphy said.",
        url: "https://www.cnbc.com/2021/04/21/marvell-closes-on-10-billion-inphi-deal-expanding-data-center-reach.html",
    },
    MarketNews {
        category: "business",
        datetime: 1619043673,
        headline: "Netflix deserves the benefit of the doubt, despite subscriber slowdown, Jim Cramer says",
        id: 6392670,
        image: "https://image.cnbcfm.com/api/v1/image/105267113-GettyImages-866643100.jpg?v=1619014141",
        related: "",
        source: "CNBC",
        summary: "Investors who dumped Netflix shares on the streaming company\'s latest quarterly report are missing the key to its growth, the \"Mad Money\" host said.",
        url: "https://www.cnbc.com/2021/04/21/cramer-netflix-deserves-benefit-of-the-doubt-despite-subscriber-slowdown.html",
    },
    MarketNews {
        category: "top news",
        datetime: 1619039410,
        headline: "Jeopardy!\'s final slate of guest hosts includes LeVar Burton and CNBC\'s David Faber",
        id: 6392401,
        image: "https://image.cnbcfm.com/api/v1/image/106871913-1619034028898-3some.jpg?v=1619034256",
        related: "",
        source: "CNBC",
        summary: "Popular game show Jeopardy! announced Wednesday its final slate of guest hosts for Season 37 as it continues a search for a permanent host.",
        url: "https://www.cnbc.com/2021/04/21/jeopardys-final-slate-of-guest-hosts-includes-levar-burton-david-faber.html",
    },
    MarketNews {
        category: "top news",
        datetime: 1619033301,
        headline: "Here\'s the key level to watch in Chipotle after earnings, strategist says",
        id: 6392142,
        image: "https://image.cnbcfm.com/api/v1/image/106871561-1619031841871-chip.jpg?v=1619031870",
        related: "",
        source: "CNBC",
        summary: "As Chipotle gears up for its first-quarter earnings report, two market analysts check in on the fast-service food stocks and flag their top trades.",
        url: "https://www.cnbc.com/2021/04/21/heres-the-key-level-to-watch-in-chipotle-after-earnings-trader-says.html",
    },
    MarketNews {
        category: "business",
        datetime: 1619033234,
        headline: "Toronto Raptors coach Nick Nurse joins sports data company used by top NBA teams",
        id: 6392085,
        image: "https://image.cnbcfm.com/api/v1/image/106871592-1619012279969-gettyimages-1308985047-_dd26974_2021032480733710.jpeg?v=1619012388",
        related: "",
        source: "CNBC",
        summary: "The NBA head coach joins the board of Noah Basketball, a sports data, and tech company that tracks shooting performance.",
        url: "https://www.cnbc.com/2021/04/21/toronto-raptors-coach-nick-nurse-joins-sports-data-company-noah.html",
    },
    MarketNews {
        category: "top news",
        datetime: 1619031968,
        headline: "Netflix falls on slowing subscriber growth. What Cramer and other market analysts would do now",
        id: 6391982,
        image: "https://image.cnbcfm.com/api/v1/image/106871832-1619028366472-gettyimages-1231759152-RAFAPRESS_16032021-7782.jpeg?v=1619028452",
        related: "",
        source: "CNBC",
        summary: "As Netflix shares decline after earnings, market watchers say this isn\'t the end-all quarter for the streaming giant.",
        url: "https://www.cnbc.com/2021/04/21/netflix-falls-on-q1-earnings-what-cramer-and-others-would-do-now.html",
    },
    MarketNews {
        category: "top news",
        datetime: 1619026789,
        headline: "Yelp data shows more than half million new businesses opened in the past year",
        id: 6391658,
        image: "https://image.cnbcfm.com/api/v1/image/106850690-1617294237733-arest.jpg?v=1617294429",
        related: "",
        source: "CNBC",
        summary: "\"After a challenging year, 2021 is off to an encouraging start for the local economy,\" Yelp data scientist Justin Norman told CNBC.",
        url: "https://www.cnbc.com/2021/04/21/yelp-says-more-than-500000-new-businesses-opened-in-past-year.html",
    },
    MarketNews {
        category: "top news",
        datetime: 1619021503,
        headline: "Jim Beam distiller puts $1 billion behind sustainability, diversity, responsible drinking plans",
        id: 6391321,
        image: "https://image.cnbcfm.com/api/v1/image/106871654-1619016806598-KH12554_JB_Table_Lifestyle_Outdoor_Constructed_Ginger_Highball_r1_cmyk.jpg?v=1619016870",
        related: "",
        source: "CNBC",
        summary: "\"The environment is shifting around us and we need to be consumer led in everything we do,\" Beam Suntory CEO Albert Baladi told CNBC.",
        url: "https://www.cnbc.com/2021/04/21/jim-beam-distiller-puts-1-billion-behind-esg-responsible-drinking-plans.html",
    },
    MarketNews {
        category: "top news",
        datetime: 1619020616,
        headline: "Priced in? Stocks that top estimates are falling during this earnings season",
        id: 6391318,
        image: "https://image.cnbcfm.com/api/v1/image/106870354-16188489709191-AL-OB-Photo-20210419-157-jpg?v=1618849034",
        related: "",
        source: "CNBC",
        summary: "The bar is particularly high for earnings to lift stocks higher after a strong rally to record highs this year.",
        url: "https://www.cnbc.com/2021/04/21/priced-in-stocks-that-top-estimates-are-falling-during-this-earnings-season.html",
    },
    MarketNews {
        category: "business",
        datetime: 1619020414,
        headline: "Fire breaks out at Baltimore\'s iconic Domino Sugar factory",
        id: 6391263,
        image: "https://image.cnbcfm.com/api/v1/image/106871709-1619020222426-AP21111006468537.jpg?v=1619020277",
        related: "",
        source: "CNBC",
        summary: "A fire at the Domino Sugar plant sent white smoke billowing over the Inner Harbor in Baltimore on Tuesday.",
        url: "https://www.cnbc.com/2021/04/21/fire-breaks-out-at-baltimores-iconic-domino-sugar-factory.html",
    },
    MarketNews {
        category: "business",
        datetime: 1619018269,
        headline: "Formula 1\'s expansion in the U.S. is in motion, now it needs a star American driver",
        id: 6391154,
        image: "https://image.cnbcfm.com/api/v1/image/105848718-1555072501453gettyimages-993973576.jpg?v=1555072555",
        related: "",
        source: "CNBC",
        summary: "The global motorsport owned by Liberty Media agreed to add a second race to the U.S. with a 10-year deal to run in Miami around Hard Rock Stadium.",
        url: "https://www.cnbc.com/2021/04/21/formula-1s-expansion-in-the-us-is-in-motion-now-it-needs-a-star-american-driver.html",
    },
    MarketNews {
        category: "top news",
        datetime: 1619018183,
        headline: "Financial expert: Here\'s how to stay on track while paying down debt",
        id: 6391208,
        image: "https://image.cnbcfm.com/api/v1/image/105040532-GettyImages-738776025.jpg?v=1618953329",
        related: "",
        source: "CNBC",
        summary: "Financial Expert Patrice Washington shares the mindset you need to stay focused on paying down debt, even when it seems endless.",
        url: "https://www.cnbc.com/2021/04/21/how-to-stay-on-track-while-paying-down-debt.html",
    },
    MarketNews {
        category: "business",
        datetime: 1619014108,
        headline: "FDA finds poor conditions at Baltimore plant that ruined millions of doses of J&J Covid vaccine",
        id: 6390883,
        image: "https://image.cnbcfm.com/api/v1/image/106870813-1618920722106-gettyimages-1232332507-754970-me-kedren-vaccines-available-for-all_6_AJS.jpeg?v=1618921286",
        related: "",
        source: "CNBC",
        summary: "",
        url: "https://www.cnbc.com/2021/04/21/fda-finds-poor-conditions-at-baltimore-plant-that-ruined-millions-of-doses-of-jj-covid-vaccine.html",
    },
    MarketNews {
        category: "business",
        datetime: 1619013330,
        headline: "More wealthy investors are going to cash, but millionaire bears are still in the minority",
        id: 6390831,
        image: "https://image.cnbcfm.com/api/v1/image/105178153-GettyImages-628521940.jpg?v=1619012415",
        related: "",
        source: "CNBC",
        summary: "More millionaire investors are going to cash and are less bullish now than when the year began, but a majority of wealthy still expect S&P 500 stock gains.",
        url: "https://www.cnbc.com/2021/04/21/more-wealthy-go-to-cash-but-millionaire-market-bears-still-minority.html",
    },
    MarketNews {
        category: "top news",
        datetime: 1619008323,
        headline: "Guggenheim\'s Scott Minerd warns bitcoin could plunge 50% near-term — \'things are very frothy\'",
        id: 6390554,
        image: "https://image.cnbcfm.com/api/v1/image/104721556-IMG_9797-scott-minerd-1.jpg?v=1541019259",
        related: "",
        source: "CNBC",
        summary: "\"I think we\'re going to have to have a major correction in bitcoin,\" Guggenheim Partners\' Scott Minerd told CNBC. However, he said he remains bullish long term.",
        url: "https://www.cnbc.com/2021/04/21/bitcoin-could-plunge-50percent-near-term-guggenheims-scott-minerd-warns.html",
    },
    MarketNews {
        category: "top news",
        datetime: 1619003116,
        headline: "Three indirect ways investors can play the cryptocurrency craze",
        id: 6390286,
        image: "https://image.cnbcfm.com/api/v1/image/106871163-1618945754172-gettyimages-1231345600-NVIDIA_EARNS.jpeg?v=1618945815",
        related: "",
        source: "CNBC",
        summary: "As PayPal\'s Venmo embraces some digital currencies, two traders share their favorite noncrypto ways to play the boom.",
        url: "https://www.cnbc.com/2021/04/21/cryptocurrency-craze-three-indirect-ways-investors-can-play-it.html",
    },
    MarketNews {
        category: "top news",
        datetime: 1619002658,
        headline: "Speculative sectors take big hits as the overall stock market shows signs of exhaustion",
        id: 6390233,
        image: "https://image.cnbcfm.com/api/v1/image/106870355-16188489709372-AL-OB-Photo-20210419-58-jpg?v=1618849010",
        related: "",
        source: "CNBC",
        summary: "The appetite for the riskier parts of the market has dropped significantly even as the broader market has advanced.",
        url: "https://www.cnbc.com/2021/04/21/speculative-sectors-take-big-hits-as-the-overall-stock-market-shows-signs-of-exhaustion.html",
    },
    MarketNews {
        category: "top news",
        datetime: 1618957701,
        headline: "Dogecoin prices skyrocket in 2021, but slump on \'Doge Day\': CNBC After Hours",
        id: 6387657,
        image: "https://image.cnbcfm.com/api/v1/image/106871303-AH-YT-Thumb-jpg?v=1618955538",
        related: "",
        source: "CNBC",
        summary: "On today\'s show, Kate Rooney breaks down the meme-inspired cryptocurrency dogecoin on what supporters claim is \'Doge Day.\'",
        url: "https://www.cnbc.com/2021/04/20/-dogecoin-prices-skyrocket-in-2021-but-slump-on-doge-day.html",
    },
    MarketNews {
        category: "top news",
        datetime: 1618956541,
        headline: "S&P 500 futures fall slightly in overnight trading, Netflix shares tank",
        id: 6387554,
        image: "https://image.cnbcfm.com/api/v1/image/106867566-16183284485452-NYSE-Trading-Floor-Photo-20210413-Press-1-jpg?v=1618328565",
        related: "",
        source: "CNBC",
        summary: "Wall Street suffered back-to-back losses as reopening plays led the market lower amid renewed concerns about rising new Covid cases globally.",
        url: "https://www.cnbc.com/2021/04/20/stock-market-futures-open-to-close-news.html",
    },
    MarketNews {
        category: "top news",
        datetime: 1618951124,
        headline: "Citigroup CEO Jane Fraser says of moves to shrink retail banking footprint: ‘We want to be a winner’",
        id: 6387231,
        image: "https://image.cnbcfm.com/api/v1/image/106202395-1599747822930-106202395-1571953506227gettyimages-1140271268.jpg?v=1618490997",
        related: "",
        source: "CNBC",
        summary: "Last week, the bank said it was exiting retail banking in 13 countries outside the U.S., one of the first big strategic moves made by new CEO Jane Fraser.",
        url: "https://www.cnbc.com/2021/04/20/citigroup-ceo-jane-fraser-says-of-moves-to-shrink-retail-banking-footprint-we-want-to-be-a-winner-.html",
    },
    MarketNews {
        category: "business",
        datetime: 1618950315,
        headline: "Peloton\'s clash with agency over treadmill safety threatens to tarnish brand",
        id: 6387178,
        image: "https://image.cnbcfm.com/api/v1/image/106870923-1618930915511-gettyimages-903922938-98984823.jpeg?v=1618930945",
        related: "",
        source: "CNBC",
        summary: "A public dispute with a federal agency over safety concerns threatens to tarnish the community that Peloton has built.",
        url: "https://www.cnbc.com/2021/04/20/pelotons-clash-with-agency-over-tread-safety-could-tarnish-brand.html",
    },
    MarketNews {
        category: "top news",
        datetime: 1618949255,
        headline: "Watch live: Jury delivers verdict in Derek Chauvin murder trial",
        id: 6387122,
        image: "https://image.cnbcfm.com/api/v1/image/106870410-16188530172021-04-19t171959z_2024150399_rc25zm9irlqw_rtrmadp_0_usa-race-georgefloyd.jpeg?v=1618853090",
        related: "",
        source: "CNBC",
        summary: "Chauvin is accused of killing George Floyd, an unarmed Black man, by kneeling on his neck for more than nine minutes.",
        url: "https://www.cnbc.com/2021/04/20/watch-live-jury-delivers-verdict-in-derek-chauvin-murder-trial.html",
    },
    MarketNews {
        category: "top news",
        datetime: 1618949200,
        headline: "You can now buy bitcoin and other cryptocurrencies on Venmo—here\'s what you need to know",
        id: 6387123,
        image: "https://image.cnbcfm.com/api/v1/image/106870977-1618935186720-Crypto_on_Venmo.jpg?v=1618935228",
        related: "",
        source: "CNBC",
        summary: "Venmo\'s 70 million monthly active users will soon have access to bitcoin, ethereum and other digital tokens at a time when their value has never been higher.",
        url: "https://www.cnbc.com/2021/04/20/bitcoin-venmo-what-you-need-to-know.html",
    },
    MarketNews {
        category: "top news",
        datetime: 1618947771,
        headline: "Value investor Bill Miller says his firm sold GameStop holdings during initial Reddit frenzy",
        id: 6387014,
        image: "https://image.cnbcfm.com/api/v1/image/104043707-IMG_2174r.jpg?v=1509380128",
        related: "",
        source: "CNBC",
        summary: "Value investor Bill Miller told CNBC his firm is not interested in GameStop and other meme stocks right now because they are hard to analyze on fundamentals.",
        url: "https://www.cnbc.com/2021/04/20/bill-millers-firm-sold-gamestop-holdings-during-initial-reddit-frenzy.html",
    },
    MarketNews {
        category: "top news",
        datetime: 1618945953,
        headline: "Netflix is about to report earnings – here’s what traders expect",
        id: 6386960,
        image: "https://image.cnbcfm.com/api/v1/image/104226648-GettyImages-543270562.jpg?v=1571317322",
        related: "",
        source: "CNBC",
        summary: "Netflix is out with earnings after the bell Tuesday, the first FANG stock to report, which could set the tone for the rest of the high-momentum growth stocks.",
        url: "https://www.cnbc.com/2021/04/20/netflix-is-about-to-report-earnings-heres-what-traders-expect.html",
    },
    MarketNews {
        category: "top news",
        datetime: 1618944777,
        headline: "American Airlines says it will resume hiring pilots this fall as travel demand recovers",
        id: 6386854,
        image: "https://image.cnbcfm.com/api/v1/image/106831508-16118383622021-01-28t123202z_152073181_rc20hl94sba4_rtrmadp_0_american-airline-results.jpeg?v=1611838397",
        related: "",
        source: "CNBC",
        summary: "American said it will join United Airlines in resuming pilot hiring this year.",
        url: "https://www.cnbc.com/2021/04/20/american-airlines-says-it-will-resume-hiring-pilots-fall-year-as-travel-demand-recovers.html",
    },
    MarketNews {
        category: "business",
        datetime: 1618943087,
        headline: "UIPath pursues one of the biggest software IPOs ever as investors rotate out of cloud stocks",
        id: 6386745,
        image: "https://image.cnbcfm.com/api/v1/image/106813193-1608244667319-Daniel_Dines_UiPath_CEO_2.JPG?v=1616768369",
        related: "",
        source: "CNBC",
        summary: "At the top end of its range, UiPath would be valued at $28 billion, which is below the company\'s $35 billion valuation in a February financing round.",
        url: "https://www.cnbc.com/2021/04/20/uipath-ipo-to-raise-nearly-1point5-billion-as-cloud-stocks-retreat.html",
    },
    MarketNews {
        category: "top news",
        datetime: 1618941165,
        headline: "Bitcoin rally this year is the start of going mainstream, not a bubble, says investor Bill Miller",
        id: 6386643,
        image: "https://image.cnbcfm.com/api/v1/image/106839884-1613137788414-gettyimages-1231054321-omarques_tech_08022021_9.jpeg?v=1613137881",
        related: "",
        source: "CNBC",
        summary: "Value investor Bill Miller told CNBC on Tuesday he believes bitcoin is still going higher because demand is growing faster than supply.",
        url: "https://www.cnbc.com/2021/04/20/bitcoin-is-not-a-bubble-its-at-start-of-going-mainstream-bill-miller.html",
    },
    MarketNews {
        category: "top news",
        datetime: 1618940522,
        headline: "Klarna CEO: When my cab driver asks about bitcoin, I worry latecomers will lose a lot of money",
        id: 6386586,
        image: "https://image.cnbcfm.com/api/v1/image/106701393-1600092692338-gettyimages-1211180744-200422_tfea_pht29.jpeg?v=1600092761",
        related: "",
        source: "CNBC",
        summary: "The CEO of Swedish fintech giant Klarna has been a big critic of the gold rush in cryptocurrencies like bitcoin and he sees big risk of latecomers losing big.",
        url: "https://www.cnbc.com/2021/04/20/klarna-ceo-when-drivers-ask-about-bitcoin-i-worry-about-big-losses.html",
    },
    MarketNews {
        category: "top news",
        datetime: 1618940075,
        headline: "When workers want to stay remote, companies will have to rethink culture",
        id: 6386587,
        image: "https://image.cnbcfm.com/api/v1/image/106869873-1618609649367-gettyimages-1291370118-1w3a2269.jpeg?v=1618609669",
        related: "",
        source: "CNBC",
        summary: "Workers say they\'ll quit if their company doesn\'t extend remote work. Will leaders accommodate it?",
        url: "https://www.cnbc.com/2021/04/20/how-companies-will-have-to-rethink-culture-for-future-remote-workers.html",
    },
    MarketNews {
        category: "top news",
        datetime: 1618939296,
        headline: "3 Shot at Long Island Grocery Store, Suspect at Large, Sources Say",
        id: 6386529,
        image: "https://image.cnbcfm.com/api/v1/image/106871043-1618938825127-AP21110584961143.jpg?v=1618938905",
        related: "",
        source: "CNBC",
        summary: "The late-morning assault at a West Hempstead Stop & Shop left one dead and two injured, sources say.",
        url: "https://www.cnbc.com/2021/04/20/3-shot-at-long-island-grocery-store-suspect-at-large-sources-say.html",
    },
    MarketNews {
        category: "top news",
        datetime: 1618931789,
        headline: "It\'s not NBA Top Shot, Beeple or a tweet, but IBM thinks patents should be NFTs",
        id: 6386251,
        image: "https://image.cnbcfm.com/api/v1/image/106741992-16025979732020-10-13t140319z_852909926_rc2qhj9af9mm_rtrmadp_0_usa-court-arthrex.jpeg?v=1602598002",
        related: "",
        source: "CNBC",
        summary: "IBM and intellectual property specialist IPwe are launching a blockchain platform creating non-fungible tokens for corporate patents.",
        url: "https://www.cnbc.com/2021/04/20/its-no-nba-top-shot-or-beeple-but-ibm-is-making-patent-nfts.html",
    },
    MarketNews {
        category: "top news",
        datetime: 1618930815,
        headline: "Novogratz: Dogecoin, bitcoin are both rallying but these cryptocurrencies are quite different",
        id: 6386195,
        image: "https://image.cnbcfm.com/api/v1/image/104880726-20171205-7818-2526.jpg?v=1532623973",
        related: "",
        source: "CNBC",
        summary: "\"Dogecoin speaks to a lot of the same movement that GameStop did,\" Galaxy Digital CEO Mike Novogratz told CNBC.",
        url: "https://www.cnbc.com/2021/04/20/rallies-in-dogecoin-bitcoin-are-quite-different-says-mike-novogratz.html",
    },
    MarketNews {
        category: "top news",
        datetime: 1618930802,
        headline: "What Microsoft found when it looked at our brains on back-to-back virtual work meetings",
        id: 6386252,
        image: "https://image.cnbcfm.com/api/v1/image/106688198-1599064027626-work_late_night_stress.jpg?v=1599064097",
        related: "",
        source: "CNBC",
        summary: "Microsoft took a look at our brains on back-to-back meetings. It did not like what it saw. A \'sliver\' of an Office fix is here.",
        url: "https://www.cnbc.com/2021/04/20/microsofts-new-outlook-fix-to-end-brain-drain-of-work-meetings.html",
    },
    MarketNews {
        category: "top news",
        datetime: 1618930776,
        headline: "Biden administration backs D.C. statehood, urges \'swift\' action as House prepares to vote on bill",
        id: 6386143,
        image: "https://image.cnbcfm.com/api/v1/image/106857371-1616426126709-gettyimages-1231874666-AFP_96J286.jpeg?v=1616426947",
        related: "",
        source: "CNBC",
        summary: "The White House\'s full-throated support for statehood came days before the House is set to vote on a bill that would do just that.",
        url: "https://www.cnbc.com/2021/04/20/biden-administration-backs-dc-statehood-urges-swift-action-as-house-prepares-to-vote-on-bill.html",
    },
    MarketNews {
        category: "top news",
        datetime: 1618927243,
        headline: "United Airlines\' shares slip as business and international travel remain depressed",
        id: 6385978,
        image: "https://image.cnbcfm.com/api/v1/image/106745744-1602764985370-gettyimages-1228908402-AFP_8RG296.jpeg?v=1602765031",
        related: "",
        source: "CNBC",
        summary: "United expects to return to profitability even if long-haul international and business travel demand recovery to levels 35% below 2019.",
        url: "https://www.cnbc.com/2021/04/20/united-airlines-shares-slip-as-business-and-international-travel-remain-depressed.html",
    },
    MarketNews {
        category: "top news",
        datetime: 1618924699,
        headline: "Playboy payoff: NFT prospects drive stock surge for reinvented nude magazine publisher",
        id: 6385923,
        image: "https://image.cnbcfm.com/api/v1/image/106869035-1618507409774-gettyimages-982149182-775181335GG035_Julien_s_Auc.jpeg?v=1618507447",
        related: "",
        source: "CNBC",
        summary: "Perhaps no company has benefited as quickly or as dramatically from the NFT market as Playboy Group.",
        url: "https://www.cnbc.com/2021/04/20/playboy-stock-pops-nft-interest-marilyn-monroe-centerfolds.html",
    },
    MarketNews {
        category: "top news",
        datetime: 1618924411,
        headline: "Investors are shying away from bonds. Here are the two sides of the trade",
        id: 6385860,
        image: "https://image.cnbcfm.com/api/v1/image/106862330-16172144421136-PSFE-CB-Photo-20210331-Press-10-jpg?v=1617214501",
        related: "",
        source: "CNBC",
        summary: "Launching a bond-based exchange-traded fund right now may be bold, but stable interest rates could usher in buyers, Vanguard\'s global head of fixed income said.",
        url: "https://www.cnbc.com/2021/04/20/investors-are-shying-away-from-bonds-here-are-both-sides-of-the-trade.html",
    },
    MarketNews {
        category: "business",
        datetime: 1618924345,
        headline: "Boeing extends 64-year-old CEO Calhoun\'s mandatory retirement age to 70, CFO to retire",
        id: 6385857,
        image: "https://image.cnbcfm.com/api/v1/image/106224577-1572959313324img_6607.jpg?v=1577116674",
        related: "",
        source: "CNBC",
        summary: "Boeing\'s board faces a re-election vote in an annual meeting as production and financial problems continue.",
        url: "https://www.cnbc.com/2021/04/20/boeing-ceo-retirement-age-cfo-smith-retiring.html",
    },
    MarketNews {
        category: "business",
        datetime: 1618922389,
        headline: "NFL data rights owner Genius Sports closes $1.5 billion merger",
        id: 6385801,
        image: "https://image.cnbcfm.com/api/v1/image/106721345-1601382770795-gettyimages-1277254836-an9i8465_2020092885210750.jpeg?v=1609435989",
        related: "",
        source: "CNBC",
        summary: "Genius Sports said it will trade on the NYSE under ticker \"GENI\" with $145 million in cash and no debt.",
        url: "https://www.cnbc.com/2021/04/20/nfl-data-rights-owner-genius-sports-closes-1point5-billion-merger.html",
    },
    MarketNews {
        category: "business",
        datetime: 1618918868,
        headline: "Streaming giants could win big as soccer elite reel over Super League split",
        id: 6385504,
        image: "https://image.cnbcfm.com/api/v1/image/106439450-1584036826582ap_20058013637852.jpg?v=1618918560",
        related: "",
        source: "CNBC",
        summary: "The controversial Super League could reshape the broadcast rights deals that underpin the multi-billion dollar industry.",
        url: "https://www.cnbc.com/2021/04/20/streaming-giants-could-win-as-soccer-elite-reel-over-super-league-split.html",
    },
    MarketNews {
        category: "business",
        datetime: 1618918201,
        headline: "DraftKings adds martial arts betting deal with Professional Fighters League",
        id: 6385505,
        image: "https://image.cnbcfm.com/api/v1/image/106675833-1598279069151-gettyimages-805063068-775001294SG00023_MMA_Upstar.jpeg?v=1598279098",
        related: "",
        source: "CNBC",
        summary: "DraftKings agreed to a multiyear deal with mixed martial arts company Professional Fighters League worth under $10 million.",
        url: "https://www.cnbc.com/2021/04/20/draftkings-adds-betting-deal-with-professional-fighters-league-.html",
    },
]
